Feb  9 17:07:24 lfs113 kernel: klogd 1.5.1, log source = /proc/kmsg started.
Feb  9 17:07:24 lfs113 kernel: Cannot find map file.
Feb  9 17:07:25 lfs113 kernel: Loaded 105805 symbols from 1 module.
Feb  9 17:07:25 lfs113 kernel: [    0.000000] Linux version 6.1.11 (root@livecd) (gcc (GCC) 12.2.0, GNU ld (GNU Binutils) 2.40) #1 SMP PREEMPT_DYNAMIC Fri Feb  9 14:23:20 +03 2024
Feb  9 17:07:25 lfs113 kernel: [    0.000000] Command line: BOOT_IMAGE=/vmlinuz-6.1.11-lfs-11.3 root=/dev/sda3 ro
Feb  9 17:07:25 lfs113 kernel: [    0.000000] [Firmware Bug]: TSC doesn't count with P0 frequency!
Feb  9 17:07:25 lfs113 kernel: [    0.000000] x86/fpu: Supporting XSAVE feature 0x001: 'x87 floating point registers'
Feb  9 17:07:25 lfs113 kernel: [    0.000000] x86/fpu: Supporting XSAVE feature 0x002: 'SSE registers'
Feb  9 17:07:25 lfs113 kernel: [    0.000000] x86/fpu: Supporting XSAVE feature 0x004: 'AVX registers'
Feb  9 17:07:25 lfs113 kernel: [    0.000000] x86/fpu: xstate_offset[2]:  576, xstate_sizes[2]:  256
Feb  9 17:07:25 lfs113 kernel: [    0.000000] x86/fpu: Enabled xstate features 0x7, context size is 832 bytes, using 'standard' format.
Feb  9 17:07:25 lfs113 kernel: [    0.000000] signal: max sigframe size: 1776
Feb  9 17:07:25 lfs113 kernel: [    0.000000] BIOS-provided physical RAM map:
Feb  9 17:07:25 lfs113 kernel: [    0.000000] BIOS-e820: [mem 0x0000000000000000-0x000000000009fbff] usable
Feb  9 17:07:25 lfs113 kernel: [    0.000000] BIOS-e820: [mem 0x000000000009fc00-0x000000000009ffff] reserved
Feb  9 17:07:25 lfs113 kernel: [    0.000000] BIOS-e820: [mem 0x00000000000f0000-0x00000000000fffff] reserved
Feb  9 17:07:25 lfs113 kernel: [    0.000000] BIOS-e820: [mem 0x0000000000100000-0x00000000dffeffff] usable
Feb  9 17:07:25 lfs113 kernel: [    0.000000] BIOS-e820: [mem 0x00000000dfff0000-0x00000000dfffffff] ACPI data
Feb  9 17:07:25 lfs113 kernel: [    0.000000] BIOS-e820: [mem 0x00000000fec00000-0x00000000fec00fff] reserved
Feb  9 17:07:25 lfs113 kernel: [    0.000000] BIOS-e820: [mem 0x00000000fee00000-0x00000000fee00fff] reserved
Feb  9 17:07:25 lfs113 kernel: [    0.000000] BIOS-e820: [mem 0x00000000fffc0000-0x00000000ffffffff] reserved
Feb  9 17:07:25 lfs113 kernel: [    0.000000] BIOS-e820: [mem 0x0000000100000000-0x000000021fffffff] usable
Feb  9 17:07:25 lfs113 kernel: [    0.000000] NX (Execute Disable) protection: active
Feb  9 17:07:25 lfs113 kernel: [    0.000000] SMBIOS 2.5 present.
Feb  9 17:07:25 lfs113 kernel: [    0.000000] DMI: innotek GmbH VirtualBox/VirtualBox, BIOS VirtualBox 12/01/2006
Feb  9 17:07:25 lfs113 kernel: [    0.000000] Hypervisor detected: KVM
Feb  9 17:07:25 lfs113 kernel: [    0.000000] kvm-clock: Using msrs 4b564d01 and 4b564d00
Feb  9 17:07:25 lfs113 kernel: [    0.000001] kvm-clock: using sched offset of 7911712986 cycles
Feb  9 17:07:25 lfs113 kernel: [    0.000003] clocksource: kvm-clock: mask: 0xffffffffffffffff max_cycles: 0x1cd42e4dffb, max_idle_ns: 881590591483 ns
Feb  9 17:07:25 lfs113 kernel: [    0.000005] tsc: Detected 2894.554 MHz processor
Feb  9 17:07:25 lfs113 kernel: [    0.000846] e820: update [mem 0x00000000-0x00000fff] usable ==> reserved
Feb  9 17:07:25 lfs113 kernel: [    0.000848] e820: remove [mem 0x000a0000-0x000fffff] usable
Feb  9 17:07:25 lfs113 kernel: [    0.000851] last_pfn = 0x220000 max_arch_pfn = 0x400000000
Feb  9 17:07:25 lfs113 kernel: [    0.000859] Disabled
Feb  9 17:07:25 lfs113 kernel: [    0.000860] x86/PAT: MTRRs disabled, skipping PAT initialization too.
Feb  9 17:07:25 lfs113 kernel: [    0.000862] CPU MTRRs all blank - virtualized system.
Feb  9 17:07:25 lfs113 kernel: [    0.000863] x86/PAT: Configuration [0-7]: WB  WT  UC- UC  WB  WT  UC- UC  
Feb  9 17:07:25 lfs113 kernel: [    0.000867] last_pfn = 0xdfff0 max_arch_pfn = 0x400000000
Feb  9 17:07:25 lfs113 kernel: [    0.000894] found SMP MP-table at [mem 0x0009fff0-0x0009ffff]
Feb  9 17:07:25 lfs113 kernel: [    0.001204] ACPI: Early table checksum verification disabled
Feb  9 17:07:25 lfs113 kernel: [    0.001206] ACPI: RSDP 0x00000000000E0000 000024 (v02 VBOX  )
Feb  9 17:07:25 lfs113 kernel: [    0.001209] ACPI: XSDT 0x00000000DFFF0030 00003C (v01 VBOX   VBOXXSDT 00000001 ASL  00000061)
Feb  9 17:07:25 lfs113 kernel: [    0.001213] ACPI: FACP 0x00000000DFFF00F0 0000F4 (v04 VBOX   VBOXFACP 00000001 ASL  00000061)
Feb  9 17:07:25 lfs113 kernel: [    0.001216] ACPI: DSDT 0x00000000DFFF0640 002353 (v02 VBOX   VBOXBIOS 00000002 INTL 20200925)
Feb  9 17:07:25 lfs113 kernel: [    0.001218] ACPI: FACS 0x00000000DFFF0200 000040
Feb  9 17:07:25 lfs113 kernel: [    0.001219] ACPI: FACS 0x00000000DFFF0200 000040
Feb  9 17:07:25 lfs113 kernel: [    0.001220] ACPI: APIC 0x00000000DFFF0240 00008C (v02 VBOX   VBOXAPIC 00000001 ASL  00000061)
Feb  9 17:07:25 lfs113 kernel: [    0.001222] ACPI: SSDT 0x00000000DFFF02D0 00036C (v01 VBOX   VBOXCPUT 00000002 INTL 20200925)
Feb  9 17:07:25 lfs113 kernel: [    0.001224] ACPI: Reserving FACP table memory at [mem 0xdfff00f0-0xdfff01e3]
Feb  9 17:07:25 lfs113 kernel: [    0.001225] ACPI: Reserving DSDT table memory at [mem 0xdfff0640-0xdfff2992]
Feb  9 17:07:25 lfs113 kernel: [    0.001225] ACPI: Reserving FACS table memory at [mem 0xdfff0200-0xdfff023f]
Feb  9 17:07:25 lfs113 kernel: [    0.001226] ACPI: Reserving FACS table memory at [mem 0xdfff0200-0xdfff023f]
Feb  9 17:07:25 lfs113 kernel: [    0.001226] ACPI: Reserving APIC table memory at [mem 0xdfff0240-0xdfff02cb]
Feb  9 17:07:25 lfs113 kernel: [    0.001227] ACPI: Reserving SSDT table memory at [mem 0xdfff02d0-0xdfff063b]
Feb  9 17:07:25 lfs113 kernel: [    0.001322] No NUMA configuration found
Feb  9 17:07:25 lfs113 kernel: [    0.001323] Faking a node at [mem 0x0000000000000000-0x000000021fffffff]
Feb  9 17:07:25 lfs113 kernel: [    0.001325] NODE_DATA(0) allocated [mem 0x21fff8000-0x21fffbfff]
Feb  9 17:07:25 lfs113 kernel: [    0.001338] Zone ranges:
Feb  9 17:07:25 lfs113 kernel: [    0.001338]   DMA      [mem 0x0000000000001000-0x0000000000ffffff]
Feb  9 17:07:25 lfs113 kernel: [    0.001339]   DMA32    [mem 0x0000000001000000-0x00000000ffffffff]
Feb  9 17:07:25 lfs113 kernel: [    0.001340]   Normal   [mem 0x0000000100000000-0x000000021fffffff]
Feb  9 17:07:25 lfs113 kernel: [    0.001341] Movable zone start for each node
Feb  9 17:07:25 lfs113 kernel: [    0.001342] Early memory node ranges
Feb  9 17:07:25 lfs113 kernel: [    0.001342]   node   0: [mem 0x0000000000001000-0x000000000009efff]
Feb  9 17:07:25 lfs113 kernel: [    0.001343]   node   0: [mem 0x0000000000100000-0x00000000dffeffff]
Feb  9 17:07:25 lfs113 kernel: [    0.001344]   node   0: [mem 0x0000000100000000-0x000000021fffffff]
Feb  9 17:07:25 lfs113 kernel: [    0.001345] Initmem setup node 0 [mem 0x0000000000001000-0x000000021fffffff]
Feb  9 17:07:25 lfs113 kernel: [    0.001506] On node 0, zone DMA: 1 pages in unavailable ranges
Feb  9 17:07:25 lfs113 kernel: [    0.001519] On node 0, zone DMA: 97 pages in unavailable ranges
Feb  9 17:07:25 lfs113 kernel: [    0.023856] On node 0, zone Normal: 16 pages in unavailable ranges
Feb  9 17:07:25 lfs113 kernel: [    0.024047] ACPI: PM-Timer IO Port: 0x4008
Feb  9 17:07:25 lfs113 kernel: [    0.024095] IOAPIC[0]: apic_id 8, version 32, address 0xfec00000, GSI 0-23
Feb  9 17:07:25 lfs113 kernel: [    0.024097] ACPI: INT_SRC_OVR (bus 0 bus_irq 0 global_irq 2 dfl dfl)
Feb  9 17:07:25 lfs113 kernel: [    0.024098] ACPI: INT_SRC_OVR (bus 0 bus_irq 9 global_irq 9 low level)
Feb  9 17:07:25 lfs113 kernel: [    0.024101] ACPI: Using ACPI (MADT) for SMP configuration information
Feb  9 17:07:25 lfs113 kernel: [    0.024105] smpboot: Allowing 8 CPUs, 0 hotplug CPUs
Feb  9 17:07:25 lfs113 kernel: [    0.024123] PM: hibernation: Registered nosave memory: [mem 0x00000000-0x00000fff]
Feb  9 17:07:25 lfs113 kernel: [    0.024124] PM: hibernation: Registered nosave memory: [mem 0x0009f000-0x0009ffff]
Feb  9 17:07:25 lfs113 kernel: [    0.024125] PM: hibernation: Registered nosave memory: [mem 0x000a0000-0x000effff]
Feb  9 17:07:25 lfs113 kernel: [    0.024126] PM: hibernation: Registered nosave memory: [mem 0x000f0000-0x000fffff]
Feb  9 17:07:25 lfs113 kernel: [    0.024126] PM: hibernation: Registered nosave memory: [mem 0xdfff0000-0xdfffffff]
Feb  9 17:07:25 lfs113 kernel: [    0.024127] PM: hibernation: Registered nosave memory: [mem 0xe0000000-0xfebfffff]
Feb  9 17:07:25 lfs113 kernel: [    0.024134] PM: hibernation: Registered nosave memory: [mem 0xfec00000-0xfec00fff]
Feb  9 17:07:25 lfs113 kernel: [    0.024134] PM: hibernation: Registered nosave memory: [mem 0xfec01000-0xfedfffff]
Feb  9 17:07:25 lfs113 kernel: [    0.024135] PM: hibernation: Registered nosave memory: [mem 0xfee00000-0xfee00fff]
Feb  9 17:07:25 lfs113 kernel: [    0.024135] PM: hibernation: Registered nosave memory: [mem 0xfee01000-0xfffbffff]
Feb  9 17:07:25 lfs113 kernel: [    0.024135] PM: hibernation: Registered nosave memory: [mem 0xfffc0000-0xffffffff]
Feb  9 17:07:25 lfs113 kernel: [    0.024137] [mem 0xe0000000-0xfebfffff] available for PCI devices
Feb  9 17:07:25 lfs113 kernel: [    0.024137] Booting paravirtualized kernel on KVM
Feb  9 17:07:25 lfs113 kernel: [    0.024140] clocksource: refined-jiffies: mask: 0xffffffff max_cycles: 0xffffffff, max_idle_ns: 1910969940391419 ns
Feb  9 17:07:25 lfs113 kernel: [    0.028325] setup_percpu: NR_CPUS:64 nr_cpumask_bits:8 nr_cpu_ids:8 nr_node_ids:1
Feb  9 17:07:25 lfs113 kernel: [    0.028642] percpu: Embedded 53 pages/cpu s176296 r8192 d32600 u262144
Feb  9 17:07:25 lfs113 kernel: [    0.028651] pcpu-alloc: s176296 r8192 d32600 u262144 alloc=1*2097152
Feb  9 17:07:25 lfs113 kernel: [    0.028653] pcpu-alloc: [0] 0 1 2 3 4 5 6 7 
Feb  9 17:07:25 lfs113 kernel: [    0.028669] Fallback order for Node 0: 0 
Feb  9 17:07:25 lfs113 kernel: [    0.028671] Built 1 zonelists, mobility grouping on.  Total pages: 2064112
Feb  9 17:07:25 lfs113 kernel: [    0.028672] Policy zone: Normal
Feb  9 17:07:25 lfs113 kernel: [    0.028673] Kernel command line: BOOT_IMAGE=/vmlinuz-6.1.11-lfs-11.3 root=/dev/sda3 ro
Feb  9 17:07:25 lfs113 kernel: [    0.028691] Unknown kernel command line parameters "BOOT_IMAGE=/vmlinuz-6.1.11-lfs-11.3", will be passed to user space.
Feb  9 17:07:25 lfs113 kernel: [    0.028728] random: crng init done
Feb  9 17:07:25 lfs113 kernel: [    0.029818] Dentry cache hash table entries: 1048576 (order: 11, 8388608 bytes, linear)
Feb  9 17:07:25 lfs113 kernel: [    0.030325] Inode-cache hash table entries: 524288 (order: 10, 4194304 bytes, linear)
Feb  9 17:07:25 lfs113 kernel: [    0.030367] mem auto-init: stack:all(zero), heap alloc:off, heap free:off
Feb  9 17:07:25 lfs113 kernel: [    0.030371] software IO TLB: area num 8.
Feb  9 17:07:25 lfs113 kernel: [    0.061475] Memory: 8140932K/8388152K available (16396K kernel code, 2678K rwdata, 4764K rodata, 1524K init, 924K bss, 246960K reserved, 0K cma-reserved)
Feb  9 17:07:25 lfs113 kernel: [    0.061510] SLUB: HWalign=64, Order=0-3, MinObjects=0, CPUs=8, Nodes=1
Feb  9 17:07:25 lfs113 kernel: [    0.062387] Dynamic Preempt: voluntary
Feb  9 17:07:25 lfs113 kernel: [    0.062607] rcu: Preemptible hierarchical RCU implementation.
Feb  9 17:07:25 lfs113 kernel: [    0.062608] rcu: ^IRCU event tracing is enabled.
Feb  9 17:07:25 lfs113 kernel: [    0.062608] rcu: ^IRCU restricting CPUs from NR_CPUS=64 to nr_cpu_ids=8.
Feb  9 17:07:25 lfs113 kernel: [    0.062609] ^ITrampoline variant of Tasks RCU enabled.
Feb  9 17:07:25 lfs113 kernel: [    0.062610] rcu: RCU calculated value of scheduler-enlistment delay is 100 jiffies.
Feb  9 17:07:25 lfs113 kernel: [    0.062611] rcu: Adjusting geometry for rcu_fanout_leaf=16, nr_cpu_ids=8
Feb  9 17:07:25 lfs113 kernel: [    0.063678] NR_IRQS: 4352, nr_irqs: 488, preallocated irqs: 16
Feb  9 17:07:25 lfs113 kernel: [    0.063851] rcu: srcu_init: Setting srcu_struct sizes based on contention.
Feb  9 17:07:25 lfs113 kernel: [    0.067308] Console: colour VGA+ 80x25
Feb  9 17:07:25 lfs113 kernel: [    0.086322] printk: console [tty0] enabled
Feb  9 17:07:25 lfs113 kernel: [    0.086477] ACPI: Core revision 20220331
Feb  9 17:07:25 lfs113 kernel: [    0.087022] APIC: Switch to symmetric I/O mode setup
Feb  9 17:07:25 lfs113 kernel: [    0.087343] x2apic enabled
Feb  9 17:07:25 lfs113 kernel: [    0.087602] Switched APIC routing to physical x2apic.
Feb  9 17:07:25 lfs113 kernel: [    0.088515] ..TIMER: vector=0x30 apic1=0 pin1=2 apic2=-1 pin2=-1
Feb  9 17:07:25 lfs113 kernel: [    0.088690] clocksource: tsc-early: mask: 0xffffffffffffffff max_cycles: 0x29b92a4b957, max_idle_ns: 440795282186 ns
Feb  9 17:07:25 lfs113 kernel: [    0.088971] Calibrating delay loop (skipped) preset value.. 5789.10 BogoMIPS (lpj=2894554)
Feb  9 17:07:25 lfs113 kernel: [    0.089225] pid_max: default: 32768 minimum: 301
Feb  9 17:07:25 lfs113 kernel: [    0.089382] LSM: Security Framework initializing
Feb  9 17:07:25 lfs113 kernel: [    0.089521] SELinux:  Initializing.
Feb  9 17:07:25 lfs113 kernel: [    0.089665] Mount-cache hash table entries: 16384 (order: 5, 131072 bytes, linear)
Feb  9 17:07:25 lfs113 kernel: [    0.089900] Mountpoint-cache hash table entries: 16384 (order: 5, 131072 bytes, linear)
Feb  9 17:07:25 lfs113 kernel: [    0.089967] Last level iTLB entries: 4KB 1024, 2MB 1024, 4MB 512
Feb  9 17:07:25 lfs113 kernel: [    0.089967] Last level dTLB entries: 4KB 2048, 2MB 2048, 4MB 1024, 1GB 0
Feb  9 17:07:25 lfs113 kernel: [    0.089967] Spectre V1 : Mitigation: usercopy/swapgs barriers and __user pointer sanitization
Feb  9 17:07:25 lfs113 kernel: [    0.089967] Spectre V2 : Mitigation: Retpolines
Feb  9 17:07:25 lfs113 kernel: [    0.089967] Spectre V2 : Spectre v2 / SpectreRSB mitigation: Filling RSB on context switch
Feb  9 17:07:25 lfs113 kernel: [    0.089967] Spectre V2 : Spectre v2 / SpectreRSB : Filling RSB on VMEXIT
Feb  9 17:07:25 lfs113 kernel: [    0.089967] RETBleed: Mitigation: untrained return thunk
Feb  9 17:07:25 lfs113 kernel: [    0.089967] Freeing SMP alternatives memory: 44K
Feb  9 17:07:25 lfs113 kernel: [    0.193161] APIC calibration not consistent with PM-Timer: 108ms instead of 100ms
Feb  9 17:07:25 lfs113 kernel: [    0.193405] APIC delta adjusted to PM-Timer: 6307654 (6823715)
Feb  9 17:07:25 lfs113 kernel: [    0.193639] smpboot: CPU0: AMD Ryzen 7 4800H with Radeon Graphics (family: 0x17, model: 0x60, stepping: 0x1)
Feb  9 17:07:25 lfs113 kernel: [    0.193967] cblist_init_generic: Setting adjustable number of callback queues.
Feb  9 17:07:25 lfs113 kernel: [    0.193967] cblist_init_generic: Setting shift to 3 and lim to 1.
Feb  9 17:07:25 lfs113 kernel: [    0.193999] Performance Events: PMU not available due to virtualization, using software events only.
Feb  9 17:07:25 lfs113 kernel: [    0.194297] rcu: Hierarchical SRCU implementation.
Feb  9 17:07:25 lfs113 kernel: [    0.194445] rcu: ^IMax phase no-delay instances is 400.
Feb  9 17:07:25 lfs113 kernel: [    0.195014] smp: Bringing up secondary CPUs ...
Feb  9 17:07:25 lfs113 kernel: [    0.195218] x86: Booting SMP configuration:
Feb  9 17:07:25 lfs113 kernel: [    0.195348] .... node  #0, CPUs:      #1 #2 #3 #4 #5 #6 #7
Feb  9 17:07:25 lfs113 kernel: [    0.206083] smp: Brought up 1 node, 8 CPUs
Feb  9 17:07:25 lfs113 kernel: [    0.206387] smpboot: Max logical packages: 1
Feb  9 17:07:25 lfs113 kernel: [    0.206527] smpboot: Total of 8 processors activated (46312.86 BogoMIPS)
Feb  9 17:07:25 lfs113 kernel: [    0.207347] devtmpfs: initialized
Feb  9 17:07:25 lfs113 kernel: [    0.208101] clocksource: jiffies: mask: 0xffffffff max_cycles: 0xffffffff, max_idle_ns: 1911260446275000 ns
Feb  9 17:07:25 lfs113 kernel: [    0.208277] futex hash table entries: 2048 (order: 5, 131072 bytes, linear)
Feb  9 17:07:25 lfs113 kernel: [    0.209057] PM: RTC time: 14:07:01, date: 2024-02-09
Feb  9 17:07:25 lfs113 kernel: [    0.209435] NET: Registered PF_NETLINK/PF_ROUTE protocol family
Feb  9 17:07:25 lfs113 kernel: [    0.209992] audit: initializing netlink subsys (disabled)
Feb  9 17:07:25 lfs113 kernel: [    0.210173] audit: type=2000 audit(1707487630.457:1): state=initialized audit_enabled=0 res=1
Feb  9 17:07:25 lfs113 kernel: [    0.210173] thermal_sys: Registered thermal governor 'step_wise'
Feb  9 17:07:25 lfs113 kernel: [    0.210540] thermal_sys: Registered thermal governor 'user_space'
Feb  9 17:07:25 lfs113 kernel: [    0.210974] cpuidle: using governor menu
Feb  9 17:07:25 lfs113 kernel: [    0.211406] PCI: Using configuration type 1 for base access
Feb  9 17:07:25 lfs113 kernel: [    0.211406] PCI: Using configuration type 1 for extended access
Feb  9 17:07:25 lfs113 kernel: [    0.213794] kprobes: kprobe jump-optimization is enabled. All kprobes are optimized if possible.
Feb  9 17:07:25 lfs113 kernel: [    0.214032] HugeTLB: registered 2.00 MiB page size, pre-allocated 0 pages
Feb  9 17:07:25 lfs113 kernel: [    0.214171] HugeTLB: 28 KiB vmemmap can be freed for a 2.00 MiB page
Feb  9 17:07:25 lfs113 kernel: [    0.214599] ACPI: Added _OSI(Module Device)
Feb  9 17:07:25 lfs113 kernel: [    0.214599] ACPI: Added _OSI(Processor Device)
Feb  9 17:07:25 lfs113 kernel: [    0.214599] ACPI: Added _OSI(3.0 _SCP Extensions)
Feb  9 17:07:25 lfs113 kernel: [    0.214718] ACPI: Added _OSI(Processor Aggregator Device)
Feb  9 17:07:25 lfs113 kernel: [    0.215894] ACPI: 2 ACPI AML tables successfully acquired and loaded
Feb  9 17:07:25 lfs113 kernel: [    0.304132] ACPI: Interpreter enabled
Feb  9 17:07:25 lfs113 kernel: [    0.304277] ACPI: PM: (supports S0 S5)
Feb  9 17:07:25 lfs113 kernel: [    0.304400] ACPI: Using IOAPIC for interrupt routing
Feb  9 17:07:25 lfs113 kernel: [    0.305096] PCI: Using host bridge windows from ACPI; if necessary, use "pci=nocrs" and report a bug
Feb  9 17:07:25 lfs113 kernel: [    0.305343] PCI: Using E820 reservations for host bridge windows
Feb  9 17:07:25 lfs113 kernel: [    0.305804] ACPI: Enabled 2 GPEs in block 00 to 07
Feb  9 17:07:25 lfs113 kernel: [    0.308033] ACPI: PCI Root Bridge [PCI0] (domain 0000 [bus 00-ff])
Feb  9 17:07:25 lfs113 kernel: [    0.308196] acpi PNP0A03:00: _OSC: OS supports [ExtendedConfig ASPM ClockPM Segments MSI HPX-Type3]
Feb  9 17:07:25 lfs113 kernel: [    0.308670] acpi PNP0A03:00: _OSC: platform does not support [PCIeCapability LTR]
Feb  9 17:07:25 lfs113 kernel: [    0.308967] acpi PNP0A03:00: _OSC: not requesting control; platform does not support [PCIeCapability]
Feb  9 17:07:25 lfs113 kernel: [    0.308967] acpi PNP0A03:00: _OSC: OS requested [PME PCIeCapability LTR]
Feb  9 17:07:25 lfs113 kernel: [    0.308967] acpi PNP0A03:00: _OSC: platform willing to grant [PME]
Feb  9 17:07:25 lfs113 kernel: [    0.308967] acpi PNP0A03:00: _OSC: platform retains control of PCIe features (AE_SUPPORT)
Feb  9 17:07:25 lfs113 kernel: [    0.309098] PCI host bridge to bus 0000:00
Feb  9 17:07:25 lfs113 kernel: [    0.309266] pci_bus 0000:00: root bus resource [io  0x0000-0x0cf7 window]
Feb  9 17:07:25 lfs113 kernel: [    0.309489] pci_bus 0000:00: root bus resource [io  0x0d00-0xffff window]
Feb  9 17:07:25 lfs113 kernel: [    0.309701] pci_bus 0000:00: root bus resource [mem 0x000a0000-0x000bffff window]
Feb  9 17:07:25 lfs113 kernel: [    0.309908] pci_bus 0000:00: root bus resource [mem 0xe0000000-0xfdffffff window]
Feb  9 17:07:25 lfs113 kernel: [    0.309967] pci_bus 0000:00: root bus resource [bus 00-ff]
Feb  9 17:07:25 lfs113 kernel: [    0.309967] pci 0000:00:00.0: [8086:1237] type 00 class 0x060000
Feb  9 17:07:25 lfs113 kernel: [    0.310175] pci 0000:00:01.0: [8086:7000] type 00 class 0x060100
Feb  9 17:07:25 lfs113 kernel: [    0.310607] pci 0000:00:01.1: [8086:7111] type 00 class 0x01018a
Feb  9 17:07:25 lfs113 kernel: [    0.310904] pci 0000:00:01.1: reg 0x20: [io  0xd000-0xd00f]
Feb  9 17:07:25 lfs113 kernel: [    0.311020] pci 0000:00:01.1: legacy IDE quirk: reg 0x10: [io  0x01f0-0x01f7]
Feb  9 17:07:25 lfs113 kernel: [    0.311197] pci 0000:00:01.1: legacy IDE quirk: reg 0x14: [io  0x03f6]
Feb  9 17:07:25 lfs113 kernel: [    0.311368] pci 0000:00:01.1: legacy IDE quirk: reg 0x18: [io  0x0170-0x0177]
Feb  9 17:07:25 lfs113 kernel: [    0.311561] pci 0000:00:01.1: legacy IDE quirk: reg 0x1c: [io  0x0376]
Feb  9 17:07:25 lfs113 kernel: [    0.311804] pci 0000:00:02.0: [15ad:0405] type 00 class 0x030000
Feb  9 17:07:25 lfs113 kernel: [    0.311967] pci 0000:00:02.0: reg 0x10: [io  0xd010-0xd01f]
Feb  9 17:07:25 lfs113 kernel: [    0.312967] pci 0000:00:02.0: reg 0x14: [mem 0xe0000000-0xe0ffffff pref]
Feb  9 17:07:25 lfs113 kernel: [    0.312967] pci 0000:00:02.0: reg 0x18: [mem 0xf0000000-0xf01fffff]
Feb  9 17:07:25 lfs113 kernel: [    0.314181] pci 0000:00:02.0: Video device with shadowed ROM at [mem 0x000c0000-0x000dffff]
Feb  9 17:07:25 lfs113 kernel: [    0.314595] pci 0000:00:03.0: [8086:100e] type 00 class 0x020000
Feb  9 17:07:25 lfs113 kernel: [    0.315038] pci 0000:00:03.0: reg 0x10: [mem 0xf0200000-0xf021ffff]
Feb  9 17:07:25 lfs113 kernel: [    0.315967] pci 0000:00:03.0: reg 0x18: [io  0xd020-0xd027]
Feb  9 17:07:25 lfs113 kernel: [    0.317967] pci 0000:00:04.0: [80ee:cafe] type 00 class 0x088000
Feb  9 17:07:25 lfs113 kernel: [    0.318967] pci 0000:00:04.0: reg 0x10: [io  0xd040-0xd05f]
Feb  9 17:07:25 lfs113 kernel: [    0.318967] pci 0000:00:04.0: reg 0x14: [mem 0xf0400000-0xf07fffff]
Feb  9 17:07:25 lfs113 kernel: [    0.319025] pci 0000:00:04.0: reg 0x18: [mem 0xf0800000-0xf0803fff pref]
Feb  9 17:07:25 lfs113 kernel: [    0.320967] pci 0000:00:05.0: [8086:2415] type 00 class 0x040100
Feb  9 17:07:25 lfs113 kernel: [    0.321090] pci 0000:00:05.0: reg 0x10: [io  0xd100-0xd1ff]
Feb  9 17:07:25 lfs113 kernel: [    0.321526] pci 0000:00:05.0: reg 0x14: [io  0xd200-0xd23f]
Feb  9 17:07:25 lfs113 kernel: [    0.322454] pci 0000:00:06.0: [106b:003f] type 00 class 0x0c0310
Feb  9 17:07:25 lfs113 kernel: [    0.323967] pci 0000:00:06.0: reg 0x10: [mem 0xf0804000-0xf0804fff]
Feb  9 17:07:25 lfs113 kernel: [    0.326027] pci 0000:00:07.0: [8086:7113] type 00 class 0x068000
Feb  9 17:07:25 lfs113 kernel: [    0.326946] pci 0000:00:07.0: quirk: [io  0x4000-0x403f] claimed by PIIX4 ACPI
Feb  9 17:07:25 lfs113 kernel: [    0.326967] pci 0000:00:07.0: quirk: [io  0x4100-0x410f] claimed by PIIX4 SMB
Feb  9 17:07:25 lfs113 kernel: [    0.326967] pci 0000:00:0b.0: [8086:265c] type 00 class 0x0c0320
Feb  9 17:07:25 lfs113 kernel: [    0.326967] pci 0000:00:0b.0: reg 0x10: [mem 0xf0805000-0xf0805fff]
Feb  9 17:07:25 lfs113 kernel: [    0.329974] pci 0000:00:0d.0: [8086:2829] type 00 class 0x010601
Feb  9 17:07:25 lfs113 kernel: [    0.330967] pci 0000:00:0d.0: reg 0x10: [io  0xd240-0xd247]
Feb  9 17:07:25 lfs113 kernel: [    0.331083] pci 0000:00:0d.0: reg 0x14: [io  0xd248-0xd24b]
Feb  9 17:07:25 lfs113 kernel: [    0.331967] pci 0000:00:0d.0: reg 0x18: [io  0xd250-0xd257]
Feb  9 17:07:25 lfs113 kernel: [    0.332094] pci 0000:00:0d.0: reg 0x1c: [io  0xd258-0xd25b]
Feb  9 17:07:25 lfs113 kernel: [    0.332977] pci 0000:00:0d.0: reg 0x20: [io  0xd260-0xd26f]
Feb  9 17:07:25 lfs113 kernel: [    0.333967] pci 0000:00:0d.0: reg 0x24: [mem 0xf0806000-0xf0807fff]
Feb  9 17:07:25 lfs113 kernel: [    0.337121] ACPI: PCI: Interrupt link LNKA configured for IRQ 11
Feb  9 17:07:25 lfs113 kernel: [    0.337941] ACPI: PCI: Interrupt link LNKB configured for IRQ 10
Feb  9 17:07:25 lfs113 kernel: [    0.338092] ACPI: PCI: Interrupt link LNKC configured for IRQ 9
Feb  9 17:07:25 lfs113 kernel: [    0.338629] ACPI: PCI: Interrupt link LNKD configured for IRQ 11
Feb  9 17:07:25 lfs113 kernel: [    0.339190] iommu: Default domain type: Translated 
Feb  9 17:07:25 lfs113 kernel: [    0.339564] iommu: DMA domain TLB invalidation policy: lazy mode 
Feb  9 17:07:25 lfs113 kernel: [    0.339984] SCSI subsystem initialized
Feb  9 17:07:25 lfs113 kernel: [    0.340293] libata version 3.00 loaded.
Feb  9 17:07:25 lfs113 kernel: [    0.340293] ACPI: bus type USB registered
Feb  9 17:07:25 lfs113 kernel: [    0.340377] usbcore: registered new interface driver usbfs
Feb  9 17:07:25 lfs113 kernel: [    0.340772] usbcore: registered new interface driver hub
Feb  9 17:07:25 lfs113 kernel: [    0.340967] usbcore: registered new device driver usb
Feb  9 17:07:25 lfs113 kernel: [    0.340967] pps_core: LinuxPPS API ver. 1 registered
Feb  9 17:07:25 lfs113 kernel: [    0.340967] pps_core: Software ver. 5.3.6 - Copyright 2005-2007 Rodolfo Giometti <giometti@linux.it>
Feb  9 17:07:25 lfs113 kernel: [    0.340979] PTP clock support registered
Feb  9 17:07:25 lfs113 kernel: [    0.342052] Advanced Linux Sound Architecture Driver Initialized.
Feb  9 17:07:25 lfs113 kernel: [    0.342673] NetLabel: Initializing
Feb  9 17:07:25 lfs113 kernel: [    0.342946] NetLabel:  domain hash size = 128
Feb  9 17:07:25 lfs113 kernel: [    0.342970] NetLabel:  protocols = UNLABELED CIPSOv4 CALIPSO
Feb  9 17:07:25 lfs113 kernel: [    0.343409] NetLabel:  unlabeled traffic allowed by default
Feb  9 17:07:25 lfs113 kernel: [    0.344012] PCI: Using ACPI for IRQ routing
Feb  9 17:07:25 lfs113 kernel: [    0.344375] PCI: pci_cache_line_size set to 64 bytes
Feb  9 17:07:25 lfs113 kernel: [    0.344581] e820: reserve RAM buffer [mem 0x0009fc00-0x0009ffff]
Feb  9 17:07:25 lfs113 kernel: [    0.344584] e820: reserve RAM buffer [mem 0xdfff0000-0xdfffffff]
Feb  9 17:07:25 lfs113 kernel: [    0.344989] pci 0000:00:02.0: vgaarb: setting as boot VGA device
Feb  9 17:07:25 lfs113 kernel: [    0.345381] pci 0000:00:02.0: vgaarb: bridge control possible
Feb  9 17:07:25 lfs113 kernel: [    0.345774] pci 0000:00:02.0: vgaarb: VGA device added: decodes=io+mem,owns=io+mem,locks=none
Feb  9 17:07:25 lfs113 kernel: [    0.345774] vgaarb: loaded
Feb  9 17:07:25 lfs113 kernel: [    0.345968] clocksource: Switched to clocksource kvm-clock
Feb  9 17:07:25 lfs113 kernel: [    0.347845] VFS: Disk quotas dquot_6.6.0
Feb  9 17:07:25 lfs113 kernel: [    0.347996] VFS: Dquot-cache hash table entries: 512 (order 0, 4096 bytes)
Feb  9 17:07:25 lfs113 kernel: [    0.347996] pnp: PnP ACPI init
Feb  9 17:07:25 lfs113 kernel: [    0.347996] pnp: PnP ACPI: found 2 devices
Feb  9 17:07:25 lfs113 kernel: [    0.360865] clocksource: acpi_pm: mask: 0xffffff max_cycles: 0xffffff, max_idle_ns: 2085701024 ns
Feb  9 17:07:25 lfs113 kernel: [    0.361530] NET: Registered PF_INET protocol family
Feb  9 17:07:25 lfs113 kernel: [    0.362011] IP idents hash table entries: 131072 (order: 8, 1048576 bytes, linear)
Feb  9 17:07:25 lfs113 kernel: [    0.365002] tcp_listen_portaddr_hash hash table entries: 4096 (order: 4, 65536 bytes, linear)
Feb  9 17:07:25 lfs113 kernel: [    0.365688] Table-perturb hash table entries: 65536 (order: 6, 262144 bytes, linear)
Feb  9 17:07:25 lfs113 kernel: [    0.366259] TCP established hash table entries: 65536 (order: 7, 524288 bytes, linear)
Feb  9 17:07:25 lfs113 kernel: [    0.367012] TCP bind hash table entries: 65536 (order: 9, 2097152 bytes, linear)
Feb  9 17:07:25 lfs113 kernel: [    0.367989] TCP: Hash tables configured (established 65536 bind 65536)
Feb  9 17:07:25 lfs113 kernel: [    0.368498] UDP hash table entries: 4096 (order: 5, 131072 bytes, linear)
Feb  9 17:07:25 lfs113 kernel: [    0.368952] UDP-Lite hash table entries: 4096 (order: 5, 131072 bytes, linear)
Feb  9 17:07:25 lfs113 kernel: [    0.369539] NET: Registered PF_UNIX/PF_LOCAL protocol family
Feb  9 17:07:25 lfs113 kernel: [    0.370324] RPC: Registered named UNIX socket transport module.
Feb  9 17:07:25 lfs113 kernel: [    0.370732] RPC: Registered udp transport module.
Feb  9 17:07:25 lfs113 kernel: [    0.371059] RPC: Registered tcp transport module.
Feb  9 17:07:25 lfs113 kernel: [    0.371417] RPC: Registered tcp NFSv4.1 backchannel transport module.
Feb  9 17:07:25 lfs113 kernel: [    0.372401] pci_bus 0000:00: resource 4 [io  0x0000-0x0cf7 window]
Feb  9 17:07:25 lfs113 kernel: [    0.372822] pci_bus 0000:00: resource 5 [io  0x0d00-0xffff window]
Feb  9 17:07:25 lfs113 kernel: [    0.373237] pci_bus 0000:00: resource 6 [mem 0x000a0000-0x000bffff window]
Feb  9 17:07:25 lfs113 kernel: [    0.373668] pci_bus 0000:00: resource 7 [mem 0xe0000000-0xfdffffff window]
Feb  9 17:07:25 lfs113 kernel: [    0.374539] pci 0000:00:00.0: Limiting direct PCI/PCI transfers
Feb  9 17:07:25 lfs113 kernel: [    0.378190] PCI: CLS 0 bytes, default 64
Feb  9 17:07:25 lfs113 kernel: [    0.378549] PCI-DMA: Using software bounce buffering for IO (SWIOTLB)
Feb  9 17:07:25 lfs113 kernel: [    0.378954] software IO TLB: mapped [mem 0x00000000dbff0000-0x00000000dfff0000] (64MB)
Feb  9 17:07:25 lfs113 kernel: [    0.378983] clocksource: tsc: mask: 0xffffffffffffffff max_cycles: 0x29b92a4b957, max_idle_ns: 440795282186 ns
Feb  9 17:07:25 lfs113 kernel: [    0.378983] clocksource: Switched to clocksource tsc
Feb  9 17:07:25 lfs113 kernel: [    0.378983] platform rtc_cmos: registered platform RTC device (no PNP device found)
Feb  9 17:07:25 lfs113 kernel: [    0.383585] Initialise system trusted keyrings
Feb  9 17:07:25 lfs113 kernel: [    0.383852] workingset: timestamp_bits=56 max_order=21 bucket_order=0
Feb  9 17:07:25 lfs113 kernel: [    0.385317] NFS: Registering the id_resolver key type
Feb  9 17:07:25 lfs113 kernel: [    0.385486] Key type id_resolver registered
Feb  9 17:07:25 lfs113 kernel: [    0.385619] Key type id_legacy registered
Feb  9 17:07:25 lfs113 kernel: [    0.385806] 9p: Installing v9fs 9p2000 file system support
Feb  9 17:07:25 lfs113 kernel: [    0.389160] Key type asymmetric registered
Feb  9 17:07:25 lfs113 kernel: [    0.389307] Asymmetric key parser 'x509' registered
Feb  9 17:07:25 lfs113 kernel: [    0.389477] Block layer SCSI generic (bsg) driver version 0.4 loaded (major 251)
Feb  9 17:07:25 lfs113 kernel: [    0.389708] io scheduler mq-deadline registered
Feb  9 17:07:25 lfs113 kernel: [    0.389844] io scheduler kyber registered
Feb  9 17:07:25 lfs113 kernel: [    0.390511] ACPI: AC: AC Adapter [AC] (on-line)
Feb  9 17:07:25 lfs113 kernel: [    0.390691] input: Power Button as /devices/LNXSYSTM:00/LNXPWRBN:00/input/input0
Feb  9 17:07:25 lfs113 kernel: [    0.390987] ACPI: button: Power Button [PWRF]
Feb  9 17:07:25 lfs113 kernel: [    0.391178] input: Sleep Button as /devices/LNXSYSTM:00/LNXSLPBN:00/input/input1
Feb  9 17:07:25 lfs113 kernel: [    0.391416] ACPI: button: Sleep Button [SLPF]
Feb  9 17:07:25 lfs113 kernel: [    0.391598] ACPI: video: Video Device [GFX0] (multi-head: yes  rom: no  post: no)
Feb  9 17:07:25 lfs113 kernel: [    0.391845] input: Video Bus as /devices/LNXSYSTM:00/LNXSYBUS:00/PNP0A03:00/LNXVIDEO:00/input/input2
Feb  9 17:07:25 lfs113 kernel: [    0.392486] Serial: 8250/16550 driver, 4 ports, IRQ sharing enabled
Feb  9 17:07:25 lfs113 kernel: [    0.392909] ACPI: battery: Slot [BAT0] (battery present)
Feb  9 17:07:25 lfs113 kernel: [    0.393159] Non-volatile memory driver v1.3
Feb  9 17:07:25 lfs113 kernel: [    0.393302] Linux agpgart interface v0.103
Feb  9 17:07:25 lfs113 kernel: [    0.393480] ACPI: bus type drm_connector registered
Feb  9 17:07:25 lfs113 kernel: [    0.396385] loop: module loaded
Feb  9 17:07:25 lfs113 kernel: [    0.396999] ahci 0000:00:0d.0: version 3.0
Feb  9 17:07:25 lfs113 kernel: [    0.397395] ahci 0000:00:0d.0: SSS flag set, parallel bus scan disabled
Feb  9 17:07:25 lfs113 kernel: [    0.397660] ahci 0000:00:0d.0: AHCI 0001.0100 32 slots 1 ports 3 Gbps 0x1 impl SATA mode
Feb  9 17:07:25 lfs113 kernel: [    0.397895] ahci 0000:00:0d.0: flags: 64bit ncq stag only ccc 
Feb  9 17:07:25 lfs113 kernel: [    0.398453] scsi host0: ahci
Feb  9 17:07:25 lfs113 kernel: [    0.398629] ata1: SATA max UDMA/133 abar m8192@0xf0806000 port 0xf0806100 irq 21
Feb  9 17:07:25 lfs113 kernel: [    0.398879] ata_piix 0000:00:01.1: version 2.13
Feb  9 17:07:25 lfs113 kernel: [    0.399289] scsi host1: ata_piix
Feb  9 17:07:25 lfs113 kernel: [    0.399609] scsi host2: ata_piix
Feb  9 17:07:25 lfs113 kernel: [    0.399754] ata2: PATA max UDMA/33 cmd 0x1f0 ctl 0x3f6 bmdma 0xd000 irq 14
Feb  9 17:07:25 lfs113 kernel: [    0.399933] ata3: PATA max UDMA/33 cmd 0x170 ctl 0x376 bmdma 0xd008 irq 15
Feb  9 17:07:25 lfs113 kernel: [    0.400290] e100: Intel(R) PRO/100 Network Driver
Feb  9 17:07:25 lfs113 kernel: [    0.400442] e100: Copyright(c) 1999-2006 Intel Corporation
Feb  9 17:07:25 lfs113 kernel: [    0.400611] e1000: Intel(R) PRO/1000 Network Driver
Feb  9 17:07:25 lfs113 kernel: [    0.400758] e1000: Copyright (c) 1999-2006 Intel Corporation.
Feb  9 17:07:25 lfs113 kernel: [    0.565810] ata3.00: ATAPI: VBOX CD-ROM, 1.0, max UDMA/133
Feb  9 17:07:25 lfs113 kernel: [    0.713701] ata1: SATA link up 3.0 Gbps (SStatus 123 SControl 300)
Feb  9 17:07:25 lfs113 kernel: [    0.714154] ata1.00: ATA-6: VBOX HARDDISK, 1.0, max UDMA/133
Feb  9 17:07:25 lfs113 kernel: [    0.714348] ata1.00: 50331648 sectors, multi 128: LBA48 NCQ (depth 32)
Feb  9 17:07:25 lfs113 kernel: [    0.714957] ata1.00: configured for UDMA/133
Feb  9 17:07:25 lfs113 kernel: [    0.715709] scsi 0:0:0:0: Direct-Access     ATA      VBOX HARDDISK    1.0  PQ: 0 ANSI: 5
Feb  9 17:07:25 lfs113 kernel: [    0.716485] e1000 0000:00:03.0 eth0: (PCI:33MHz:32-bit) 08:00:27:bc:7c:09
Feb  9 17:07:25 lfs113 kernel: [    0.716672] e1000 0000:00:03.0 eth0: Intel(R) PRO/1000 Network Connection
Feb  9 17:07:25 lfs113 kernel: [    0.716875] e1000e: Intel(R) PRO/1000 Network Driver
Feb  9 17:07:25 lfs113 kernel: [    0.717046] e1000e: Copyright(c) 1999 - 2015 Intel Corporation.
Feb  9 17:07:25 lfs113 kernel: [    0.717365] scsi 0:0:0:0: Attached scsi generic sg0 type 0
Feb  9 17:07:25 lfs113 kernel: [    0.717479] sd 0:0:0:0: [sda] 50331648 512-byte logical blocks: (25.8 GB/24.0 GiB)
Feb  9 17:07:25 lfs113 kernel: [    0.717688] ehci-pci 0000:00:0b.0: EHCI Host Controller
Feb  9 17:07:25 lfs113 kernel: [    0.717768] ehci-pci 0000:00:0b.0: new USB bus registered, assigned bus number 1
Feb  9 17:07:25 lfs113 kernel: [    0.718006] sd 0:0:0:0: [sda] Write Protect is off
Feb  9 17:07:25 lfs113 kernel: [    0.718007] sd 0:0:0:0: [sda] Mode Sense: 00 3a 00 00
Feb  9 17:07:25 lfs113 kernel: [    0.718026] sd 0:0:0:0: [sda] Write cache: enabled, read cache: enabled, doesn't support DPO or FUA
Feb  9 17:07:25 lfs113 kernel: [    0.718234] scsi 2:0:0:0: CD-ROM            VBOX     CD-ROM           1.0  PQ: 0 ANSI: 5
Feb  9 17:07:25 lfs113 kernel: [    0.718323] ehci-pci 0000:00:0b.0: irq 19, io mem 0xf0805000
Feb  9 17:07:25 lfs113 kernel: [    0.718501] sd 0:0:0:0: [sda] Preferred minimum I/O size 512 bytes
Feb  9 17:07:25 lfs113 kernel: [    0.725605] ehci-pci 0000:00:0b.0: USB 2.0 started, EHCI 1.00
Feb  9 17:07:25 lfs113 kernel: [    0.725822] usb usb1: New USB device found, idVendor=1d6b, idProduct=0002, bcdDevice= 6.01
Feb  9 17:07:25 lfs113 kernel: [    0.726080] usb usb1: New USB device strings: Mfr=3, Product=2, SerialNumber=1
Feb  9 17:07:25 lfs113 kernel: [    0.726295] usb usb1: Product: EHCI Host Controller
Feb  9 17:07:25 lfs113 kernel: [    0.726440] usb usb1: Manufacturer: Linux 6.1.11 ehci_hcd
Feb  9 17:07:25 lfs113 kernel: [    0.726602] usb usb1: SerialNumber: 0000:00:0b.0
Feb  9 17:07:25 lfs113 kernel: [    0.726900] hub 1-0:1.0: USB hub found
Feb  9 17:07:25 lfs113 kernel: [    0.727050] hub 1-0:1.0: 12 ports detected
Feb  9 17:07:25 lfs113 kernel: [    0.727722] ohci-pci 0000:00:06.0: OHCI PCI host controller
Feb  9 17:07:25 lfs113 kernel: [    0.727966] ohci-pci 0000:00:06.0: new USB bus registered, assigned bus number 2
Feb  9 17:07:25 lfs113 kernel: [    0.728250] ohci-pci 0000:00:06.0: irq 22, io mem 0xf0804000
Feb  9 17:07:25 lfs113 kernel: [    0.730237]  sda: sda1 sda2 sda3
Feb  9 17:07:25 lfs113 kernel: [    0.730903] sd 0:0:0:0: [sda] Attached SCSI disk
Feb  9 17:07:25 lfs113 kernel: [    0.770856] sr 2:0:0:0: [sr0] scsi3-mmc drive: 32x/32x xa/form2 tray
Feb  9 17:07:25 lfs113 kernel: [    0.771274] cdrom: Uniform CD-ROM driver Revision: 3.20
Feb  9 17:07:25 lfs113 kernel: [    0.780478] usb usb2: New USB device found, idVendor=1d6b, idProduct=0001, bcdDevice= 6.01
Feb  9 17:07:25 lfs113 kernel: [    0.780982] usb usb2: New USB device strings: Mfr=3, Product=2, SerialNumber=1
Feb  9 17:07:25 lfs113 kernel: [    0.781587] usb usb2: Product: OHCI PCI host controller
Feb  9 17:07:25 lfs113 kernel: [    0.781942] usb usb2: Manufacturer: Linux 6.1.11 ohci_hcd
Feb  9 17:07:25 lfs113 kernel: [    0.782299] usb usb2: SerialNumber: 0000:00:06.0
Feb  9 17:07:25 lfs113 kernel: [    0.782987] hub 2-0:1.0: USB hub found
Feb  9 17:07:25 lfs113 kernel: [    0.783342] hub 2-0:1.0: 12 ports detected
Feb  9 17:07:25 lfs113 kernel: [    0.784367] usbcore: registered new interface driver usblp
Feb  9 17:07:25 lfs113 kernel: [    0.784752] usbcore: registered new interface driver usb-storage
Feb  9 17:07:25 lfs113 kernel: [    0.785239] i8042: PNP: PS/2 Controller [PNP0303:PS2K,PNP0f03:PS2M] at 0x60,0x64 irq 1,12
Feb  9 17:07:25 lfs113 kernel: [    0.786366] serio: i8042 KBD port at 0x60,0x64 irq 1
Feb  9 17:07:25 lfs113 kernel: [    0.786730] serio: i8042 AUX port at 0x60,0x64 irq 12
Feb  9 17:07:25 lfs113 kernel: [    0.787748] input: AT Translated Set 2 keyboard as /devices/platform/i8042/serio0/input/input3
Feb  9 17:07:25 lfs113 kernel: [    0.788934] rtc_cmos rtc_cmos: registered as rtc0
Feb  9 17:07:25 lfs113 kernel: [    0.789141] sr 2:0:0:0: Attached scsi CD-ROM sr0
Feb  9 17:07:25 lfs113 kernel: [    0.789344] rtc_cmos rtc_cmos: alarms up to one day, 114 bytes nvram
Feb  9 17:07:25 lfs113 kernel: [    0.789550] sr 2:0:0:0: Attached scsi generic sg1 type 5
Feb  9 17:07:25 lfs113 kernel: [    0.789777] fail to initialize ptp_kvm
Feb  9 17:07:25 lfs113 kernel: [    0.790275] device-mapper: ioctl: 4.47.0-ioctl (2022-07-28) initialised: dm-devel@redhat.com
Feb  9 17:07:25 lfs113 kernel: [    0.791532] hid: raw HID events driver (C) Jiri Kosina
Feb  9 17:07:25 lfs113 kernel: [    0.792268] usbcore: registered new interface driver usbhid
Feb  9 17:07:25 lfs113 kernel: [    0.792480] usbhid: USB HID core driver
Feb  9 17:07:25 lfs113 kernel: [    0.794212] Initializing XFRM netlink socket
Feb  9 17:07:25 lfs113 kernel: [    0.794212] NET: Registered PF_INET6 protocol family
Feb  9 17:07:25 lfs113 kernel: [    0.795552] Segment Routing with IPv6
Feb  9 17:07:25 lfs113 kernel: [    0.795859] In-situ OAM (IOAM) with IPv6
Feb  9 17:07:25 lfs113 kernel: [    0.796208] sit: IPv6, IPv4 and MPLS over IPv4 tunneling driver
Feb  9 17:07:25 lfs113 kernel: [    0.796726] NET: Registered PF_PACKET protocol family
Feb  9 17:07:25 lfs113 kernel: [    0.797122] 9pnet: Installing 9P2000 support
Feb  9 17:07:25 lfs113 kernel: [    0.797509] Key type dns_resolver registered
Feb  9 17:07:25 lfs113 kernel: [    0.798750] IPI shorthand broadcast: enabled
Feb  9 17:07:25 lfs113 kernel: [    0.798949] sched_clock: Marking stable (773801691, 24905727)->(979287234, -180579816)
Feb  9 17:07:25 lfs113 kernel: [    0.799506] registered taskstats version 1
Feb  9 17:07:25 lfs113 kernel: [    0.799809] Loading compiled-in X.509 certificates
Feb  9 17:07:25 lfs113 kernel: [    0.800545] cryptomgr_test (91) used greatest stack depth: 15744 bytes left
Feb  9 17:07:25 lfs113 kernel: [    0.801138] cryptomgr_test (94) used greatest stack depth: 15520 bytes left
Feb  9 17:07:25 lfs113 kernel: [    0.802883] PM:   Magic number: 12:200:131
Feb  9 17:07:25 lfs113 kernel: [    0.803249] printk: console [netcon0] enabled
Feb  9 17:07:25 lfs113 kernel: [    0.803583] netconsole: network logging started
Feb  9 17:07:25 lfs113 kernel: [    0.804194] cfg80211: Loading compiled-in X.509 certificates for regulatory database
Feb  9 17:07:25 lfs113 kernel: [    0.804931] kworker/u16:2 (113) used greatest stack depth: 14528 bytes left
Feb  9 17:07:25 lfs113 kernel: [    0.805775] cfg80211: Loaded X.509 cert 'sforshee: 00b28ddf47aef9cea7'
Feb  9 17:07:25 lfs113 kernel: [    0.806230] platform regulatory.0: Direct firmware load for regulatory.db failed with error -2
Feb  9 17:07:25 lfs113 kernel: [    0.806825] cfg80211: failed to load regulatory.db
Feb  9 17:07:25 lfs113 kernel: [    0.807065] ALSA device list:
Feb  9 17:07:25 lfs113 kernel: [    0.807428]   No soundcards found.
Feb  9 17:07:25 lfs113 kernel: [    0.992968] input: ImExPS/2 Generic Explorer Mouse as /devices/platform/i8042/serio1/input/input5
Feb  9 17:07:25 lfs113 kernel: [    0.993433] md: Waiting for all devices to be available before autodetect
Feb  9 17:07:25 lfs113 kernel: [    0.993615] md: If you don't use raid, use raid=noautodetect
Feb  9 17:07:25 lfs113 kernel: [    0.993773] md: Autodetecting RAID arrays.
Feb  9 17:07:25 lfs113 kernel: [    0.993901] md: autorun ...
Feb  9 17:07:25 lfs113 kernel: [    0.994010] md: ... autorun DONE.
Feb  9 17:07:25 lfs113 kernel: [    1.006742] EXT4-fs (sda3): mounted filesystem with ordered data mode. Quota mode: none.
Feb  9 17:07:25 lfs113 kernel: [    1.007013] VFS: Mounted root (ext4 filesystem) readonly on device 8:3.
Feb  9 17:07:25 lfs113 kernel: [    1.008025] devtmpfs: mounted
Feb  9 17:07:25 lfs113 kernel: [    1.008434] Freeing unused kernel image (initmem) memory: 1524K
Feb  9 17:07:25 lfs113 kernel: [    1.010023] Write protecting the kernel read-only data: 24576k
Feb  9 17:07:25 lfs113 kernel: [    1.010689] Freeing unused kernel image (text/rodata gap) memory: 2032K
Feb  9 17:07:25 lfs113 kernel: [    1.011127] Freeing unused kernel image (rodata/data gap) memory: 1380K
Feb  9 17:07:25 lfs113 kernel: [    1.044495] x86/mm: Checked W+X mappings: passed, no W+X pages found.
Feb  9 17:07:25 lfs113 kernel: [    1.044687] Run /sbin/init as init process
Feb  9 17:07:25 lfs113 kernel: [    1.044816]   with arguments:
Feb  9 17:07:25 lfs113 kernel: [    1.044817]     /sbin/init
Feb  9 17:07:25 lfs113 kernel: [    1.044818]   with environment:
Feb  9 17:07:25 lfs113 kernel: [    1.044818]     HOME=/
Feb  9 17:07:25 lfs113 kernel: [    1.044819]     TERM=linux
Feb  9 17:07:25 lfs113 kernel: [    1.044819]     BOOT_IMAGE=/vmlinuz-6.1.11-lfs-11.3
Feb  9 17:07:25 lfs113 kernel: [    1.075738] stty (125) used greatest stack depth: 13512 bytes left
Feb  9 17:07:25 lfs113 kernel: [    1.082371] dmesg (126) used greatest stack depth: 13040 bytes left
Feb  9 17:07:25 lfs113 kernel: [    1.114066] usb 2-1: new full-speed USB device number 2 using ohci-pci
Feb  9 17:07:25 lfs113 kernel: <30>[    1.189888] udevd[210]: starting version 3.2.11
Feb  9 17:07:25 lfs113 kernel: [    1.200429] udevd (210) used greatest stack depth: 12872 bytes left
Feb  9 17:07:25 lfs113 kernel: <30>[    1.200629] udevd[211]: starting eudev-3.2.11
Feb  9 17:07:25 lfs113 kernel: [    1.228189] e1000 0000:00:03.0 enp0s3: renamed from eth0
Feb  9 17:07:25 lfs113 kernel: [    1.407991] usb 2-1: New USB device found, idVendor=80ee, idProduct=0021, bcdDevice= 1.00
Feb  9 17:07:25 lfs113 kernel: [    1.408560] usb 2-1: New USB device strings: Mfr=1, Product=3, SerialNumber=0
Feb  9 17:07:25 lfs113 kernel: [    1.409193] usb 2-1: Product: USB Tablet
Feb  9 17:07:25 lfs113 kernel: [    1.409502] usb 2-1: Manufacturer: VirtualBox
Feb  9 17:07:25 lfs113 kernel: [    1.420742] input: VirtualBox USB Tablet as /devices/pci0000:00/0000:00:06.0/usb2/2-1/2-1:1.0/0003:80EE:0021.0001/input/input6
Feb  9 17:07:25 lfs113 kernel: [    1.421754] hid-generic 0003:80EE:0021.0001: input,hidraw0: USB HID v1.10 Mouse [VirtualBox USB Tablet] on usb-0000:00:06.0-1/input0
Feb  9 17:07:25 lfs113 kernel: [    7.036029] Adding 1048572k swap on /dev/sda2.  Priority:1 extents:1 across:1048572k 
Feb  9 17:07:25 lfs113 kernel: [    7.049364] EXT4-fs (sda3): re-mounted. Quota mode: none.
Feb  9 17:07:25 lfs113 kernel: [    7.101910] EXT4-fs (sda3): re-mounted. Quota mode: none.
Feb  9 17:07:25 lfs113 kernel: [   23.933448] e1000: enp0s3 NIC Link is Up 1000 Mbps Full Duplex, Flow Control: RX
Feb  9 17:07:25 lfs113 kernel: [   23.933945] IPv6: ADDRCONF(NETDEV_CHANGE): enp0s3: link becomes ready
Feb 12 09:19:45 lfs113 kernel: klogd 1.5.1, log source = /proc/kmsg started.
Feb 12 09:19:45 lfs113 kernel: Cannot find map file.
Feb 12 09:19:45 lfs113 kernel: Loaded 105805 symbols from 1 module.
Feb 12 09:19:45 lfs113 kernel: [    0.000000] Linux version 6.1.11 (root@livecd) (gcc (GCC) 12.2.0, GNU ld (GNU Binutils) 2.40) #1 SMP PREEMPT_DYNAMIC Fri Feb  9 14:23:20 +03 2024
Feb 12 09:19:45 lfs113 kernel: [    0.000000] Command line: BOOT_IMAGE=/vmlinuz-6.1.11-lfs-11.3 root=/dev/sda3 ro
Feb 12 09:19:45 lfs113 kernel: [    0.000000] [Firmware Bug]: TSC doesn't count with P0 frequency!
Feb 12 09:19:45 lfs113 kernel: [    0.000000] x86/fpu: Supporting XSAVE feature 0x001: 'x87 floating point registers'
Feb 12 09:19:45 lfs113 kernel: [    0.000000] x86/fpu: Supporting XSAVE feature 0x002: 'SSE registers'
Feb 12 09:19:45 lfs113 kernel: [    0.000000] x86/fpu: Supporting XSAVE feature 0x004: 'AVX registers'
Feb 12 09:19:45 lfs113 kernel: [    0.000000] x86/fpu: xstate_offset[2]:  576, xstate_sizes[2]:  256
Feb 12 09:19:45 lfs113 kernel: [    0.000000] x86/fpu: Enabled xstate features 0x7, context size is 832 bytes, using 'standard' format.
Feb 12 09:19:45 lfs113 kernel: [    0.000000] signal: max sigframe size: 1776
Feb 12 09:19:45 lfs113 kernel: [    0.000000] BIOS-provided physical RAM map:
Feb 12 09:19:45 lfs113 kernel: [    0.000000] BIOS-e820: [mem 0x0000000000000000-0x000000000009fbff] usable
Feb 12 09:19:45 lfs113 kernel: [    0.000000] BIOS-e820: [mem 0x000000000009fc00-0x000000000009ffff] reserved
Feb 12 09:19:45 lfs113 kernel: [    0.000000] BIOS-e820: [mem 0x00000000000f0000-0x00000000000fffff] reserved
Feb 12 09:19:45 lfs113 kernel: [    0.000000] BIOS-e820: [mem 0x0000000000100000-0x00000000dffeffff] usable
Feb 12 09:19:45 lfs113 kernel: [    0.000000] BIOS-e820: [mem 0x00000000dfff0000-0x00000000dfffffff] ACPI data
Feb 12 09:19:45 lfs113 kernel: [    0.000000] BIOS-e820: [mem 0x00000000fec00000-0x00000000fec00fff] reserved
Feb 12 09:19:45 lfs113 kernel: [    0.000000] BIOS-e820: [mem 0x00000000fee00000-0x00000000fee00fff] reserved
Feb 12 09:19:45 lfs113 kernel: [    0.000000] BIOS-e820: [mem 0x00000000fffc0000-0x00000000ffffffff] reserved
Feb 12 09:19:45 lfs113 kernel: [    0.000000] BIOS-e820: [mem 0x0000000100000000-0x000000021fffffff] usable
Feb 12 09:19:45 lfs113 kernel: [    0.000000] NX (Execute Disable) protection: active
Feb 12 09:19:45 lfs113 kernel: [    0.000000] SMBIOS 2.5 present.
Feb 12 09:19:45 lfs113 kernel: [    0.000000] DMI: innotek GmbH VirtualBox/VirtualBox, BIOS VirtualBox 12/01/2006
Feb 12 09:19:45 lfs113 kernel: [    0.000000] Hypervisor detected: KVM
Feb 12 09:19:45 lfs113 kernel: [    0.000000] kvm-clock: Using msrs 4b564d01 and 4b564d00
Feb 12 09:19:45 lfs113 kernel: [    0.000001] kvm-clock: using sched offset of 4834789443 cycles
Feb 12 09:19:45 lfs113 kernel: [    0.000003] clocksource: kvm-clock: mask: 0xffffffffffffffff max_cycles: 0x1cd42e4dffb, max_idle_ns: 881590591483 ns
Feb 12 09:19:45 lfs113 kernel: [    0.000005] tsc: Detected 2894.554 MHz processor
Feb 12 09:19:45 lfs113 kernel: [    0.000885] e820: update [mem 0x00000000-0x00000fff] usable ==> reserved
Feb 12 09:19:45 lfs113 kernel: [    0.000891] e820: remove [mem 0x000a0000-0x000fffff] usable
Feb 12 09:19:45 lfs113 kernel: [    0.000901] last_pfn = 0x220000 max_arch_pfn = 0x400000000
Feb 12 09:19:45 lfs113 kernel: [    0.000924] Disabled
Feb 12 09:19:45 lfs113 kernel: [    0.000925] x86/PAT: MTRRs disabled, skipping PAT initialization too.
Feb 12 09:19:45 lfs113 kernel: [    0.000930] CPU MTRRs all blank - virtualized system.
Feb 12 09:19:45 lfs113 kernel: [    0.000935] x86/PAT: Configuration [0-7]: WB  WT  UC- UC  WB  WT  UC- UC  
Feb 12 09:19:45 lfs113 kernel: [    0.000943] last_pfn = 0xdfff0 max_arch_pfn = 0x400000000
Feb 12 09:19:45 lfs113 kernel: [    0.001006] found SMP MP-table at [mem 0x0009fff0-0x0009ffff]
Feb 12 09:19:45 lfs113 kernel: [    0.001714] ACPI: Early table checksum verification disabled
Feb 12 09:19:45 lfs113 kernel: [    0.001719] ACPI: RSDP 0x00000000000E0000 000024 (v02 VBOX  )
Feb 12 09:19:45 lfs113 kernel: [    0.001727] ACPI: XSDT 0x00000000DFFF0030 00003C (v01 VBOX   VBOXXSDT 00000001 ASL  00000061)
Feb 12 09:19:45 lfs113 kernel: [    0.001737] ACPI: FACP 0x00000000DFFF00F0 0000F4 (v04 VBOX   VBOXFACP 00000001 ASL  00000061)
Feb 12 09:19:45 lfs113 kernel: [    0.001745] ACPI: DSDT 0x00000000DFFF0640 002353 (v02 VBOX   VBOXBIOS 00000002 INTL 20200925)
Feb 12 09:19:45 lfs113 kernel: [    0.001751] ACPI: FACS 0x00000000DFFF0200 000040
Feb 12 09:19:45 lfs113 kernel: [    0.001755] ACPI: FACS 0x00000000DFFF0200 000040
Feb 12 09:19:45 lfs113 kernel: [    0.001759] ACPI: APIC 0x00000000DFFF0240 00008C (v02 VBOX   VBOXAPIC 00000001 ASL  00000061)
Feb 12 09:19:45 lfs113 kernel: [    0.001775] ACPI: SSDT 0x00000000DFFF02D0 00036C (v01 VBOX   VBOXCPUT 00000002 INTL 20200925)
Feb 12 09:19:45 lfs113 kernel: [    0.001780] ACPI: Reserving FACP table memory at [mem 0xdfff00f0-0xdfff01e3]
Feb 12 09:19:45 lfs113 kernel: [    0.001784] ACPI: Reserving DSDT table memory at [mem 0xdfff0640-0xdfff2992]
Feb 12 09:19:45 lfs113 kernel: [    0.001785] ACPI: Reserving FACS table memory at [mem 0xdfff0200-0xdfff023f]
Feb 12 09:19:45 lfs113 kernel: [    0.001787] ACPI: Reserving FACS table memory at [mem 0xdfff0200-0xdfff023f]
Feb 12 09:19:45 lfs113 kernel: [    0.001789] ACPI: Reserving APIC table memory at [mem 0xdfff0240-0xdfff02cb]
Feb 12 09:19:45 lfs113 kernel: [    0.001791] ACPI: Reserving SSDT table memory at [mem 0xdfff02d0-0xdfff063b]
Feb 12 09:19:45 lfs113 kernel: [    0.001990] No NUMA configuration found
Feb 12 09:19:45 lfs113 kernel: [    0.001991] Faking a node at [mem 0x0000000000000000-0x000000021fffffff]
Feb 12 09:19:45 lfs113 kernel: [    0.001993] NODE_DATA(0) allocated [mem 0x21fff8000-0x21fffbfff]
Feb 12 09:19:45 lfs113 kernel: [    0.002006] Zone ranges:
Feb 12 09:19:45 lfs113 kernel: [    0.002006]   DMA      [mem 0x0000000000001000-0x0000000000ffffff]
Feb 12 09:19:45 lfs113 kernel: [    0.002012]   DMA32    [mem 0x0000000001000000-0x00000000ffffffff]
Feb 12 09:19:45 lfs113 kernel: [    0.002013]   Normal   [mem 0x0000000100000000-0x000000021fffffff]
Feb 12 09:19:45 lfs113 kernel: [    0.002014] Movable zone start for each node
Feb 12 09:19:45 lfs113 kernel: [    0.002015] Early memory node ranges
Feb 12 09:19:45 lfs113 kernel: [    0.002015]   node   0: [mem 0x0000000000001000-0x000000000009efff]
Feb 12 09:19:45 lfs113 kernel: [    0.002016]   node   0: [mem 0x0000000000100000-0x00000000dffeffff]
Feb 12 09:19:45 lfs113 kernel: [    0.002017]   node   0: [mem 0x0000000100000000-0x000000021fffffff]
Feb 12 09:19:45 lfs113 kernel: [    0.002018] Initmem setup node 0 [mem 0x0000000000001000-0x000000021fffffff]
Feb 12 09:19:45 lfs113 kernel: [    0.002178] On node 0, zone DMA: 1 pages in unavailable ranges
Feb 12 09:19:45 lfs113 kernel: [    0.002197] On node 0, zone DMA: 97 pages in unavailable ranges
Feb 12 09:19:45 lfs113 kernel: [    0.021590] On node 0, zone Normal: 16 pages in unavailable ranges
Feb 12 09:19:45 lfs113 kernel: [    0.021770] ACPI: PM-Timer IO Port: 0x4008
Feb 12 09:19:45 lfs113 kernel: [    0.021812] IOAPIC[0]: apic_id 8, version 32, address 0xfec00000, GSI 0-23
Feb 12 09:19:45 lfs113 kernel: [    0.021814] ACPI: INT_SRC_OVR (bus 0 bus_irq 0 global_irq 2 dfl dfl)
Feb 12 09:19:45 lfs113 kernel: [    0.021815] ACPI: INT_SRC_OVR (bus 0 bus_irq 9 global_irq 9 low level)
Feb 12 09:19:45 lfs113 kernel: [    0.021818] ACPI: Using ACPI (MADT) for SMP configuration information
Feb 12 09:19:45 lfs113 kernel: [    0.021822] smpboot: Allowing 8 CPUs, 0 hotplug CPUs
Feb 12 09:19:45 lfs113 kernel: [    0.021839] PM: hibernation: Registered nosave memory: [mem 0x00000000-0x00000fff]
Feb 12 09:19:45 lfs113 kernel: [    0.021840] PM: hibernation: Registered nosave memory: [mem 0x0009f000-0x0009ffff]
Feb 12 09:19:45 lfs113 kernel: [    0.021841] PM: hibernation: Registered nosave memory: [mem 0x000a0000-0x000effff]
Feb 12 09:19:45 lfs113 kernel: [    0.021841] PM: hibernation: Registered nosave memory: [mem 0x000f0000-0x000fffff]
Feb 12 09:19:45 lfs113 kernel: [    0.021842] PM: hibernation: Registered nosave memory: [mem 0xdfff0000-0xdfffffff]
Feb 12 09:19:45 lfs113 kernel: [    0.021843] PM: hibernation: Registered nosave memory: [mem 0xe0000000-0xfebfffff]
Feb 12 09:19:45 lfs113 kernel: [    0.021843] PM: hibernation: Registered nosave memory: [mem 0xfec00000-0xfec00fff]
Feb 12 09:19:45 lfs113 kernel: [    0.021849] PM: hibernation: Registered nosave memory: [mem 0xfec01000-0xfedfffff]
Feb 12 09:19:45 lfs113 kernel: [    0.021850] PM: hibernation: Registered nosave memory: [mem 0xfee00000-0xfee00fff]
Feb 12 09:19:45 lfs113 kernel: [    0.021850] PM: hibernation: Registered nosave memory: [mem 0xfee01000-0xfffbffff]
Feb 12 09:19:45 lfs113 kernel: [    0.021851] PM: hibernation: Registered nosave memory: [mem 0xfffc0000-0xffffffff]
Feb 12 09:19:45 lfs113 kernel: [    0.021852] [mem 0xe0000000-0xfebfffff] available for PCI devices
Feb 12 09:19:45 lfs113 kernel: [    0.021853] Booting paravirtualized kernel on KVM
Feb 12 09:19:45 lfs113 kernel: [    0.021855] clocksource: refined-jiffies: mask: 0xffffffff max_cycles: 0xffffffff, max_idle_ns: 1910969940391419 ns
Feb 12 09:19:45 lfs113 kernel: [    0.026037] setup_percpu: NR_CPUS:64 nr_cpumask_bits:8 nr_cpu_ids:8 nr_node_ids:1
Feb 12 09:19:45 lfs113 kernel: [    0.026340] percpu: Embedded 53 pages/cpu s176296 r8192 d32600 u262144
Feb 12 09:19:45 lfs113 kernel: [    0.026343] pcpu-alloc: s176296 r8192 d32600 u262144 alloc=1*2097152
Feb 12 09:19:45 lfs113 kernel: [    0.026346] pcpu-alloc: [0] 0 1 2 3 4 5 6 7 
Feb 12 09:19:45 lfs113 kernel: [    0.026366] Fallback order for Node 0: 0 
Feb 12 09:19:45 lfs113 kernel: [    0.026368] Built 1 zonelists, mobility grouping on.  Total pages: 2064112
Feb 12 09:19:45 lfs113 kernel: [    0.026369] Policy zone: Normal
Feb 12 09:19:45 lfs113 kernel: [    0.026370] Kernel command line: BOOT_IMAGE=/vmlinuz-6.1.11-lfs-11.3 root=/dev/sda3 ro
Feb 12 09:19:45 lfs113 kernel: [    0.026389] Unknown kernel command line parameters "BOOT_IMAGE=/vmlinuz-6.1.11-lfs-11.3", will be passed to user space.
Feb 12 09:19:45 lfs113 kernel: [    0.026421] random: crng init done
Feb 12 09:19:45 lfs113 kernel: [    0.027396] Dentry cache hash table entries: 1048576 (order: 11, 8388608 bytes, linear)
Feb 12 09:19:45 lfs113 kernel: [    0.027893] Inode-cache hash table entries: 524288 (order: 10, 4194304 bytes, linear)
Feb 12 09:19:45 lfs113 kernel: [    0.027927] mem auto-init: stack:all(zero), heap alloc:off, heap free:off
Feb 12 09:19:45 lfs113 kernel: [    0.027931] software IO TLB: area num 8.
Feb 12 09:19:45 lfs113 kernel: [    0.056444] Memory: 8140932K/8388152K available (16396K kernel code, 2678K rwdata, 4764K rodata, 1524K init, 924K bss, 246960K reserved, 0K cma-reserved)
Feb 12 09:19:45 lfs113 kernel: [    0.056478] SLUB: HWalign=64, Order=0-3, MinObjects=0, CPUs=8, Nodes=1
Feb 12 09:19:45 lfs113 kernel: [    0.057435] Dynamic Preempt: voluntary
Feb 12 09:19:45 lfs113 kernel: [    0.057638] rcu: Preemptible hierarchical RCU implementation.
Feb 12 09:19:45 lfs113 kernel: [    0.057639] rcu: ^IRCU event tracing is enabled.
Feb 12 09:19:45 lfs113 kernel: [    0.057639] rcu: ^IRCU restricting CPUs from NR_CPUS=64 to nr_cpu_ids=8.
Feb 12 09:19:45 lfs113 kernel: [    0.057640] ^ITrampoline variant of Tasks RCU enabled.
Feb 12 09:19:45 lfs113 kernel: [    0.057641] rcu: RCU calculated value of scheduler-enlistment delay is 100 jiffies.
Feb 12 09:19:45 lfs113 kernel: [    0.057642] rcu: Adjusting geometry for rcu_fanout_leaf=16, nr_cpu_ids=8
Feb 12 09:19:45 lfs113 kernel: [    0.058733] NR_IRQS: 4352, nr_irqs: 488, preallocated irqs: 16
Feb 12 09:19:45 lfs113 kernel: [    0.058906] rcu: srcu_init: Setting srcu_struct sizes based on contention.
Feb 12 09:19:45 lfs113 kernel: [    0.062742] Console: colour VGA+ 80x25
Feb 12 09:19:45 lfs113 kernel: [    0.082035] printk: console [tty0] enabled
Feb 12 09:19:45 lfs113 kernel: [    0.082178] ACPI: Core revision 20220331
Feb 12 09:19:45 lfs113 kernel: [    0.082369] APIC: Switch to symmetric I/O mode setup
Feb 12 09:19:45 lfs113 kernel: [    0.082690] x2apic enabled
Feb 12 09:19:45 lfs113 kernel: [    0.082952] Switched APIC routing to physical x2apic.
Feb 12 09:19:45 lfs113 kernel: [    0.083880] ..TIMER: vector=0x30 apic1=0 pin1=2 apic2=-1 pin2=-1
Feb 12 09:19:45 lfs113 kernel: [    0.084068] clocksource: tsc-early: mask: 0xffffffffffffffff max_cycles: 0x29b92a4b957, max_idle_ns: 440795282186 ns
Feb 12 09:19:45 lfs113 kernel: [    0.084354] Calibrating delay loop (skipped) preset value.. 5789.10 BogoMIPS (lpj=2894554)
Feb 12 09:19:45 lfs113 kernel: [    0.084590] pid_max: default: 32768 minimum: 301
Feb 12 09:19:45 lfs113 kernel: [    0.084740] LSM: Security Framework initializing
Feb 12 09:19:45 lfs113 kernel: [    0.084883] SELinux:  Initializing.
Feb 12 09:19:45 lfs113 kernel: [    0.085038] Mount-cache hash table entries: 16384 (order: 5, 131072 bytes, linear)
Feb 12 09:19:45 lfs113 kernel: [    0.085276] Mountpoint-cache hash table entries: 16384 (order: 5, 131072 bytes, linear)
Feb 12 09:19:45 lfs113 kernel: [    0.085350] Last level iTLB entries: 4KB 1024, 2MB 1024, 4MB 512
Feb 12 09:19:45 lfs113 kernel: [    0.085350] Last level dTLB entries: 4KB 2048, 2MB 2048, 4MB 1024, 1GB 0
Feb 12 09:19:45 lfs113 kernel: [    0.085350] Spectre V1 : Mitigation: usercopy/swapgs barriers and __user pointer sanitization
Feb 12 09:19:45 lfs113 kernel: [    0.085350] Spectre V2 : Mitigation: Retpolines
Feb 12 09:19:45 lfs113 kernel: [    0.085350] Spectre V2 : Spectre v2 / SpectreRSB mitigation: Filling RSB on context switch
Feb 12 09:19:45 lfs113 kernel: [    0.085350] Spectre V2 : Spectre v2 / SpectreRSB : Filling RSB on VMEXIT
Feb 12 09:19:45 lfs113 kernel: [    0.085350] RETBleed: Mitigation: untrained return thunk
Feb 12 09:19:45 lfs113 kernel: [    0.085350] Freeing SMP alternatives memory: 44K
Feb 12 09:19:45 lfs113 kernel: [    0.193346] APIC calibration not consistent with PM-Timer: 107ms instead of 100ms
Feb 12 09:19:45 lfs113 kernel: [    0.193350] APIC delta adjusted to PM-Timer: 6307761 (6810914)
Feb 12 09:19:45 lfs113 kernel: [    0.193394] smpboot: CPU0: AMD Ryzen 7 4800H with Radeon Graphics (family: 0x17, model: 0x60, stepping: 0x1)
Feb 12 09:19:45 lfs113 kernel: [    0.193771] cblist_init_generic: Setting adjustable number of callback queues.
Feb 12 09:19:45 lfs113 kernel: [    0.193998] cblist_init_generic: Setting shift to 3 and lim to 1.
Feb 12 09:19:45 lfs113 kernel: [    0.194175] Performance Events: PMU not available due to virtualization, using software events only.
Feb 12 09:19:45 lfs113 kernel: [    0.194380] rcu: Hierarchical SRCU implementation.
Feb 12 09:19:45 lfs113 kernel: [    0.194525] rcu: ^IMax phase no-delay instances is 400.
Feb 12 09:19:45 lfs113 kernel: [    0.194903] smp: Bringing up secondary CPUs ...
Feb 12 09:19:45 lfs113 kernel: [    0.195110] x86: Booting SMP configuration:
Feb 12 09:19:45 lfs113 kernel: [    0.195246] .... node  #0, CPUs:      #1
Feb 12 09:19:45 lfs113 kernel: [    0.196350] TSC synchronization [CPU#0 -> CPU#1]:
Feb 12 09:19:45 lfs113 kernel: [    0.196350] Measured 145 cycles TSC warp between CPUs, turning off TSC clock.
Feb 12 09:19:45 lfs113 kernel: [    0.196350] tsc: Marking TSC unstable due to check_tsc_sync_source failed
Feb 12 09:19:45 lfs113 kernel: [    0.196414]  #2 #3 #4 #5 #6 #7
Feb 12 09:19:45 lfs113 kernel: [    0.200703] smp: Brought up 1 node, 8 CPUs
Feb 12 09:19:45 lfs113 kernel: [    0.200728] smpboot: Max logical packages: 1
Feb 12 09:19:45 lfs113 kernel: [    0.201353] smpboot: Total of 8 processors activated (46312.86 BogoMIPS)
Feb 12 09:19:45 lfs113 kernel: [    0.201803] devtmpfs: initialized
Feb 12 09:19:45 lfs113 kernel: [    0.202429] clocksource: jiffies: mask: 0xffffffff max_cycles: 0xffffffff, max_idle_ns: 1911260446275000 ns
Feb 12 09:19:45 lfs113 kernel: [    0.203096] futex hash table entries: 2048 (order: 5, 131072 bytes, linear)
Feb 12 09:19:45 lfs113 kernel: [    0.203417] PM: RTC time: 06:19:20, date: 2024-02-12
Feb 12 09:19:45 lfs113 kernel: [    0.203663] NET: Registered PF_NETLINK/PF_ROUTE protocol family
Feb 12 09:19:45 lfs113 kernel: [    0.203874] audit: initializing netlink subsys (disabled)
Feb 12 09:19:45 lfs113 kernel: [    0.204050] audit: type=2000 audit(1707718766.467:1): state=initialized audit_enabled=0 res=1
Feb 12 09:19:45 lfs113 kernel: [    0.204050] thermal_sys: Registered thermal governor 'step_wise'
Feb 12 09:19:45 lfs113 kernel: [    0.204352] thermal_sys: Registered thermal governor 'user_space'
Feb 12 09:19:45 lfs113 kernel: [    0.204541] cpuidle: using governor menu
Feb 12 09:19:45 lfs113 kernel: [    0.205389] PCI: Using configuration type 1 for base access
Feb 12 09:19:45 lfs113 kernel: [    0.205544] PCI: Using configuration type 1 for extended access
Feb 12 09:19:45 lfs113 kernel: [    0.207454] kprobes: kprobe jump-optimization is enabled. All kprobes are optimized if possible.
Feb 12 09:19:45 lfs113 kernel: [    0.209407] HugeTLB: registered 2.00 MiB page size, pre-allocated 0 pages
Feb 12 09:19:45 lfs113 kernel: [    0.209815] HugeTLB: 28 KiB vmemmap can be freed for a 2.00 MiB page
Feb 12 09:19:45 lfs113 kernel: [    0.210629] ACPI: Added _OSI(Module Device)
Feb 12 09:19:45 lfs113 kernel: [    0.210952] ACPI: Added _OSI(Processor Device)
Feb 12 09:19:45 lfs113 kernel: [    0.211260] ACPI: Added _OSI(3.0 _SCP Extensions)
Feb 12 09:19:45 lfs113 kernel: [    0.211353] ACPI: Added _OSI(Processor Aggregator Device)
Feb 12 09:19:45 lfs113 kernel: [    0.214097] ACPI: 2 ACPI AML tables successfully acquired and loaded
Feb 12 09:19:45 lfs113 kernel: [    0.284636] ACPI: Interpreter enabled
Feb 12 09:19:45 lfs113 kernel: [    0.284636] ACPI: PM: (supports S0 S5)
Feb 12 09:19:45 lfs113 kernel: [    0.284656] ACPI: Using IOAPIC for interrupt routing
Feb 12 09:19:45 lfs113 kernel: [    0.285603] PCI: Using host bridge windows from ACPI; if necessary, use "pci=nocrs" and report a bug
Feb 12 09:19:45 lfs113 kernel: [    0.286178] PCI: Using E820 reservations for host bridge windows
Feb 12 09:19:45 lfs113 kernel: [    0.287510] ACPI: Enabled 2 GPEs in block 00 to 07
Feb 12 09:19:45 lfs113 kernel: [    0.294398] ACPI: PCI Root Bridge [PCI0] (domain 0000 [bus 00-ff])
Feb 12 09:19:45 lfs113 kernel: [    0.294814] acpi PNP0A03:00: _OSC: OS supports [ExtendedConfig ASPM ClockPM Segments MSI HPX-Type3]
Feb 12 09:19:45 lfs113 kernel: [    0.295915] acpi PNP0A03:00: _OSC: platform does not support [PCIeCapability LTR]
Feb 12 09:19:45 lfs113 kernel: [    0.297395] acpi PNP0A03:00: _OSC: not requesting control; platform does not support [PCIeCapability]
Feb 12 09:19:45 lfs113 kernel: [    0.297974] acpi PNP0A03:00: _OSC: OS requested [PME PCIeCapability LTR]
Feb 12 09:19:45 lfs113 kernel: [    0.298352] acpi PNP0A03:00: _OSC: platform willing to grant [PME]
Feb 12 09:19:45 lfs113 kernel: [    0.298738] acpi PNP0A03:00: _OSC: platform retains control of PCIe features (AE_SUPPORT)
Feb 12 09:19:45 lfs113 kernel: [    0.299533] PCI host bridge to bus 0000:00
Feb 12 09:19:45 lfs113 kernel: [    0.299833] pci_bus 0000:00: root bus resource [io  0x0000-0x0cf7 window]
Feb 12 09:19:45 lfs113 kernel: [    0.300352] pci_bus 0000:00: root bus resource [io  0x0d00-0xffff window]
Feb 12 09:19:45 lfs113 kernel: [    0.300759] pci_bus 0000:00: root bus resource [mem 0x000a0000-0x000bffff window]
Feb 12 09:19:45 lfs113 kernel: [    0.302352] pci_bus 0000:00: root bus resource [mem 0xe0000000-0xfdffffff window]
Feb 12 09:19:45 lfs113 kernel: [    0.302864] pci_bus 0000:00: root bus resource [bus 00-ff]
Feb 12 09:19:45 lfs113 kernel: [    0.303685] pci 0000:00:00.0: [8086:1237] type 00 class 0x060000
Feb 12 09:19:45 lfs113 kernel: [    0.303829] pci 0000:00:01.0: [8086:7000] type 00 class 0x060100
Feb 12 09:19:45 lfs113 kernel: [    0.304965] pci 0000:00:01.1: [8086:7111] type 00 class 0x01018a
Feb 12 09:19:45 lfs113 kernel: [    0.306646] pci 0000:00:01.1: reg 0x20: [io  0xd000-0xd00f]
Feb 12 09:19:45 lfs113 kernel: [    0.306646] pci 0000:00:01.1: legacy IDE quirk: reg 0x10: [io  0x01f0-0x01f7]
Feb 12 09:19:45 lfs113 kernel: [    0.306891] pci 0000:00:01.1: legacy IDE quirk: reg 0x14: [io  0x03f6]
Feb 12 09:19:45 lfs113 kernel: [    0.307352] pci 0000:00:01.1: legacy IDE quirk: reg 0x18: [io  0x0170-0x0177]
Feb 12 09:19:45 lfs113 kernel: [    0.307768] pci 0000:00:01.1: legacy IDE quirk: reg 0x1c: [io  0x0376]
Feb 12 09:19:45 lfs113 kernel: [    0.308451] pci 0000:00:02.0: [15ad:0405] type 00 class 0x030000
Feb 12 09:19:45 lfs113 kernel: [    0.309353] pci 0000:00:02.0: reg 0x10: [io  0xd010-0xd01f]
Feb 12 09:19:45 lfs113 kernel: [    0.310353] pci 0000:00:02.0: reg 0x14: [mem 0xe0000000-0xe0ffffff pref]
Feb 12 09:19:45 lfs113 kernel: [    0.312358] pci 0000:00:02.0: reg 0x18: [mem 0xf0000000-0xf01fffff]
Feb 12 09:19:45 lfs113 kernel: [    0.314409] pci 0000:00:02.0: Video device with shadowed ROM at [mem 0x000c0000-0x000dffff]
Feb 12 09:19:45 lfs113 kernel: [    0.315513] pci 0000:00:03.0: [8086:100e] type 00 class 0x020000
Feb 12 09:19:45 lfs113 kernel: [    0.316450] pci 0000:00:03.0: reg 0x10: [mem 0xf0200000-0xf021ffff]
Feb 12 09:19:45 lfs113 kernel: [    0.318350] pci 0000:00:03.0: reg 0x18: [io  0xd020-0xd027]
Feb 12 09:19:45 lfs113 kernel: [    0.319818] pci 0000:00:04.0: [80ee:cafe] type 00 class 0x088000
Feb 12 09:19:45 lfs113 kernel: [    0.320350] pci 0000:00:04.0: reg 0x10: [io  0xd040-0xd05f]
Feb 12 09:19:45 lfs113 kernel: [    0.321350] pci 0000:00:04.0: reg 0x14: [mem 0xf0400000-0xf07fffff]
Feb 12 09:19:45 lfs113 kernel: [    0.322350] pci 0000:00:04.0: reg 0x18: [mem 0xf0800000-0xf0803fff pref]
Feb 12 09:19:45 lfs113 kernel: [    0.323527] pci 0000:00:05.0: [8086:2415] type 00 class 0x040100
Feb 12 09:19:45 lfs113 kernel: [    0.323783] pci 0000:00:05.0: reg 0x10: [io  0xd100-0xd1ff]
Feb 12 09:19:45 lfs113 kernel: [    0.324383] pci 0000:00:05.0: reg 0x14: [io  0xd200-0xd23f]
Feb 12 09:19:45 lfs113 kernel: [    0.324749] pci 0000:00:06.0: [106b:003f] type 00 class 0x0c0310
Feb 12 09:19:45 lfs113 kernel: [    0.326350] pci 0000:00:06.0: reg 0x10: [mem 0xf0804000-0xf0804fff]
Feb 12 09:19:45 lfs113 kernel: [    0.328350] pci 0000:00:07.0: [8086:7113] type 00 class 0x068000
Feb 12 09:19:45 lfs113 kernel: [    0.329635] pci 0000:00:07.0: quirk: [io  0x4000-0x403f] claimed by PIIX4 ACPI
Feb 12 09:19:45 lfs113 kernel: [    0.330368] pci 0000:00:07.0: quirk: [io  0x4100-0x410f] claimed by PIIX4 SMB
Feb 12 09:19:45 lfs113 kernel: [    0.331465] pci 0000:00:0b.0: [8086:265c] type 00 class 0x0c0320
Feb 12 09:19:45 lfs113 kernel: [    0.333350] pci 0000:00:0b.0: reg 0x10: [mem 0xf0805000-0xf0805fff]
Feb 12 09:19:45 lfs113 kernel: [    0.335656] pci 0000:00:0d.0: [8086:2829] type 00 class 0x010601
Feb 12 09:19:45 lfs113 kernel: [    0.337350] pci 0000:00:0d.0: reg 0x10: [io  0xd240-0xd247]
Feb 12 09:19:45 lfs113 kernel: [    0.337456] pci 0000:00:0d.0: reg 0x14: [io  0xd248-0xd24b]
Feb 12 09:19:45 lfs113 kernel: [    0.338489] pci 0000:00:0d.0: reg 0x18: [io  0xd250-0xd257]
Feb 12 09:19:45 lfs113 kernel: [    0.340350] pci 0000:00:0d.0: reg 0x1c: [io  0xd258-0xd25b]
Feb 12 09:19:45 lfs113 kernel: [    0.341460] pci 0000:00:0d.0: reg 0x20: [io  0xd260-0xd26f]
Feb 12 09:19:45 lfs113 kernel: [    0.342448] pci 0000:00:0d.0: reg 0x24: [mem 0xf0806000-0xf0807fff]
Feb 12 09:19:45 lfs113 kernel: [    0.344882] ACPI: PCI: Interrupt link LNKA configured for IRQ 11
Feb 12 09:19:45 lfs113 kernel: [    0.345539] ACPI: PCI: Interrupt link LNKB configured for IRQ 10
Feb 12 09:19:45 lfs113 kernel: [    0.345936] ACPI: PCI: Interrupt link LNKC configured for IRQ 9
Feb 12 09:19:45 lfs113 kernel: [    0.346266] ACPI: PCI: Interrupt link LNKD configured for IRQ 11
Feb 12 09:19:45 lfs113 kernel: [    0.346350] iommu: Default domain type: Translated 
Feb 12 09:19:45 lfs113 kernel: [    0.346350] iommu: DMA domain TLB invalidation policy: lazy mode 
Feb 12 09:19:45 lfs113 kernel: [    0.346350] SCSI subsystem initialized
Feb 12 09:19:45 lfs113 kernel: [    0.346421] libata version 3.00 loaded.
Feb 12 09:19:45 lfs113 kernel: [    0.346421] ACPI: bus type USB registered
Feb 12 09:19:45 lfs113 kernel: [    0.346570] usbcore: registered new interface driver usbfs
Feb 12 09:19:45 lfs113 kernel: [    0.346785] usbcore: registered new interface driver hub
Feb 12 09:19:45 lfs113 kernel: [    0.346976] usbcore: registered new device driver usb
Feb 12 09:19:45 lfs113 kernel: [    0.347149] pps_core: LinuxPPS API ver. 1 registered
Feb 12 09:19:45 lfs113 kernel: [    0.347299] pps_core: Software ver. 5.3.6 - Copyright 2005-2007 Rodolfo Giometti <giometti@linux.it>
Feb 12 09:19:45 lfs113 kernel: [    0.347350] PTP clock support registered
Feb 12 09:19:45 lfs113 kernel: [    0.347350] Advanced Linux Sound Architecture Driver Initialized.
Feb 12 09:19:45 lfs113 kernel: [    0.347350] NetLabel: Initializing
Feb 12 09:19:45 lfs113 kernel: [    0.347350] NetLabel:  domain hash size = 128
Feb 12 09:19:45 lfs113 kernel: [    0.347350] NetLabel:  protocols = UNLABELED CIPSOv4 CALIPSO
Feb 12 09:19:45 lfs113 kernel: [    0.347350] NetLabel:  unlabeled traffic allowed by default
Feb 12 09:19:45 lfs113 kernel: [    0.347383] PCI: Using ACPI for IRQ routing
Feb 12 09:19:45 lfs113 kernel: [    0.347500] PCI: pci_cache_line_size set to 64 bytes
Feb 12 09:19:45 lfs113 kernel: [    0.347500] e820: reserve RAM buffer [mem 0x0009fc00-0x0009ffff]
Feb 12 09:19:45 lfs113 kernel: [    0.347500] e820: reserve RAM buffer [mem 0xdfff0000-0xdfffffff]
Feb 12 09:19:45 lfs113 kernel: [    0.347500] pci 0000:00:02.0: vgaarb: setting as boot VGA device
Feb 12 09:19:45 lfs113 kernel: [    0.347533] pci 0000:00:02.0: vgaarb: bridge control possible
Feb 12 09:19:45 lfs113 kernel: [    0.347702] pci 0000:00:02.0: vgaarb: VGA device added: decodes=io+mem,owns=io+mem,locks=none
Feb 12 09:19:45 lfs113 kernel: [    0.348353] vgaarb: loaded
Feb 12 09:19:45 lfs113 kernel: [    0.349355] clocksource: Switched to clocksource kvm-clock
Feb 12 09:19:45 lfs113 kernel: [    0.349779] VFS: Disk quotas dquot_6.6.0
Feb 12 09:19:45 lfs113 kernel: [    0.349985] VFS: Dquot-cache hash table entries: 512 (order 0, 4096 bytes)
Feb 12 09:19:45 lfs113 kernel: [    0.350278] pnp: PnP ACPI init
Feb 12 09:19:45 lfs113 kernel: [    0.350615] pnp: PnP ACPI: found 2 devices
Feb 12 09:19:45 lfs113 kernel: [    0.360851] clocksource: acpi_pm: mask: 0xffffff max_cycles: 0xffffff, max_idle_ns: 2085701024 ns
Feb 12 09:19:45 lfs113 kernel: [    0.361148] NET: Registered PF_INET protocol family
Feb 12 09:19:45 lfs113 kernel: [    0.361394] IP idents hash table entries: 131072 (order: 8, 1048576 bytes, linear)
Feb 12 09:19:45 lfs113 kernel: [    0.361848] tcp_listen_portaddr_hash hash table entries: 4096 (order: 4, 65536 bytes, linear)
Feb 12 09:19:45 lfs113 kernel: [    0.361848] Table-perturb hash table entries: 65536 (order: 6, 262144 bytes, linear)
Feb 12 09:19:45 lfs113 kernel: [    0.361848] TCP established hash table entries: 65536 (order: 7, 524288 bytes, linear)
Feb 12 09:19:45 lfs113 kernel: [    0.361848] TCP bind hash table entries: 65536 (order: 9, 2097152 bytes, linear)
Feb 12 09:19:45 lfs113 kernel: [    0.361848] TCP: Hash tables configured (established 65536 bind 65536)
Feb 12 09:19:45 lfs113 kernel: [    0.361848] UDP hash table entries: 4096 (order: 5, 131072 bytes, linear)
Feb 12 09:19:45 lfs113 kernel: [    0.361848] UDP-Lite hash table entries: 4096 (order: 5, 131072 bytes, linear)
Feb 12 09:19:45 lfs113 kernel: [    0.361848] NET: Registered PF_UNIX/PF_LOCAL protocol family
Feb 12 09:19:45 lfs113 kernel: [    0.366104] RPC: Registered named UNIX socket transport module.
Feb 12 09:19:45 lfs113 kernel: [    0.366299] RPC: Registered udp transport module.
Feb 12 09:19:45 lfs113 kernel: [    0.366460] RPC: Registered tcp transport module.
Feb 12 09:19:45 lfs113 kernel: [    0.366611] RPC: Registered tcp NFSv4.1 backchannel transport module.
Feb 12 09:19:45 lfs113 kernel: [    0.367186] pci_bus 0000:00: resource 4 [io  0x0000-0x0cf7 window]
Feb 12 09:19:45 lfs113 kernel: [    0.367745] pci_bus 0000:00: resource 5 [io  0x0d00-0xffff window]
Feb 12 09:19:45 lfs113 kernel: [    0.367921] pci_bus 0000:00: resource 6 [mem 0x000a0000-0x000bffff window]
Feb 12 09:19:45 lfs113 kernel: [    0.368103] pci_bus 0000:00: resource 7 [mem 0xe0000000-0xfdffffff window]
Feb 12 09:19:45 lfs113 kernel: [    0.368328] pci 0000:00:00.0: Limiting direct PCI/PCI transfers
Feb 12 09:19:45 lfs113 kernel: [    0.369917] PCI: CLS 0 bytes, default 64
Feb 12 09:19:45 lfs113 kernel: [    0.370064] PCI-DMA: Using software bounce buffering for IO (SWIOTLB)
Feb 12 09:19:45 lfs113 kernel: [    0.370246] software IO TLB: mapped [mem 0x00000000dbff0000-0x00000000dfff0000] (64MB)
Feb 12 09:19:45 lfs113 kernel: [    0.370470] platform rtc_cmos: registered platform RTC device (no PNP device found)
Feb 12 09:19:45 lfs113 kernel: [    0.373475] Initialise system trusted keyrings
Feb 12 09:19:45 lfs113 kernel: [    0.373743] workingset: timestamp_bits=56 max_order=21 bucket_order=0
Feb 12 09:19:45 lfs113 kernel: [    0.375434] NFS: Registering the id_resolver key type
Feb 12 09:19:45 lfs113 kernel: [    0.375613] Key type id_resolver registered
Feb 12 09:19:45 lfs113 kernel: [    0.375758] Key type id_legacy registered
Feb 12 09:19:45 lfs113 kernel: [    0.375967] 9p: Installing v9fs 9p2000 file system support
Feb 12 09:19:45 lfs113 kernel: [    0.376960] Key type asymmetric registered
Feb 12 09:19:45 lfs113 kernel: [    0.376960] Asymmetric key parser 'x509' registered
Feb 12 09:19:45 lfs113 kernel: [    0.376960] Block layer SCSI generic (bsg) driver version 0.4 loaded (major 251)
Feb 12 09:19:45 lfs113 kernel: [    0.376960] io scheduler mq-deadline registered
Feb 12 09:19:45 lfs113 kernel: [    0.376960] io scheduler kyber registered
Feb 12 09:19:45 lfs113 kernel: [    0.380738] ACPI: AC: AC Adapter [AC] (on-line)
Feb 12 09:19:45 lfs113 kernel: [    0.380920] input: Power Button as /devices/LNXSYSTM:00/LNXPWRBN:00/input/input0
Feb 12 09:19:45 lfs113 kernel: [    0.381219] ACPI: button: Power Button [PWRF]
Feb 12 09:19:45 lfs113 kernel: [    0.381399] input: Sleep Button as /devices/LNXSYSTM:00/LNXSLPBN:00/input/input1
Feb 12 09:19:45 lfs113 kernel: [    0.381633] ACPI: button: Sleep Button [SLPF]
Feb 12 09:19:45 lfs113 kernel: [    0.381821] ACPI: video: Video Device [GFX0] (multi-head: yes  rom: no  post: no)
Feb 12 09:19:45 lfs113 kernel: [    0.382087] input: Video Bus as /devices/LNXSYSTM:00/LNXSYBUS:00/PNP0A03:00/LNXVIDEO:00/input/input2
Feb 12 09:19:45 lfs113 kernel: [    0.382699] Serial: 8250/16550 driver, 4 ports, IRQ sharing enabled
Feb 12 09:19:45 lfs113 kernel: [    0.383274] Non-volatile memory driver v1.3
Feb 12 09:19:45 lfs113 kernel: [    0.383416] Linux agpgart interface v0.103
Feb 12 09:19:45 lfs113 kernel: [    0.383591] ACPI: bus type drm_connector registered
Feb 12 09:19:45 lfs113 kernel: [    0.383793] ACPI: battery: Slot [BAT0] (battery present)
Feb 12 09:19:45 lfs113 kernel: [    0.386150] loop: module loaded
Feb 12 09:19:45 lfs113 kernel: [    0.386339] ahci 0000:00:0d.0: version 3.0
Feb 12 09:19:45 lfs113 kernel: [    0.386701] ahci 0000:00:0d.0: SSS flag set, parallel bus scan disabled
Feb 12 09:19:45 lfs113 kernel: [    0.387081] ahci 0000:00:0d.0: AHCI 0001.0100 32 slots 1 ports 3 Gbps 0x1 impl SATA mode
Feb 12 09:19:45 lfs113 kernel: [    0.388050] ahci 0000:00:0d.0: flags: 64bit ncq stag only ccc 
Feb 12 09:19:45 lfs113 kernel: [    0.388570] scsi host0: ahci
Feb 12 09:19:45 lfs113 kernel: [    0.388739] ata1: SATA max UDMA/133 abar m8192@0xf0806000 port 0xf0806100 irq 21
Feb 12 09:19:45 lfs113 kernel: [    0.388986] ata_piix 0000:00:01.1: version 2.13
Feb 12 09:19:45 lfs113 kernel: [    0.389347] scsi host1: ata_piix
Feb 12 09:19:45 lfs113 kernel: [    0.389698] scsi host2: ata_piix
Feb 12 09:19:45 lfs113 kernel: [    0.389841] ata2: PATA max UDMA/33 cmd 0x1f0 ctl 0x3f6 bmdma 0xd000 irq 14
Feb 12 09:19:45 lfs113 kernel: [    0.390024] ata3: PATA max UDMA/33 cmd 0x170 ctl 0x376 bmdma 0xd008 irq 15
Feb 12 09:19:45 lfs113 kernel: [    0.390382] e100: Intel(R) PRO/100 Network Driver
Feb 12 09:19:45 lfs113 kernel: [    0.390615] e100: Copyright(c) 1999-2006 Intel Corporation
Feb 12 09:19:45 lfs113 kernel: [    0.390809] e1000: Intel(R) PRO/1000 Network Driver
Feb 12 09:19:45 lfs113 kernel: [    0.390988] e1000: Copyright (c) 1999-2006 Intel Corporation.
Feb 12 09:19:45 lfs113 kernel: [    0.779085] e1000 0000:00:03.0 eth0: (PCI:33MHz:32-bit) 08:00:27:bc:7c:09
Feb 12 09:19:45 lfs113 kernel: [    0.779085] e1000 0000:00:03.0 eth0: Intel(R) PRO/1000 Network Connection
Feb 12 09:19:45 lfs113 kernel: [    0.779085] e1000e: Intel(R) PRO/1000 Network Driver
Feb 12 09:19:45 lfs113 kernel: [    0.779085] e1000e: Copyright(c) 1999 - 2015 Intel Corporation.
Feb 12 09:19:45 lfs113 kernel: [    0.789557] ehci-pci 0000:00:0b.0: EHCI Host Controller
Feb 12 09:19:45 lfs113 kernel: [    0.789812] ehci-pci 0000:00:0b.0: new USB bus registered, assigned bus number 1
Feb 12 09:19:45 lfs113 kernel: [    0.790151] ehci-pci 0000:00:0b.0: irq 19, io mem 0xf0805000
Feb 12 09:19:45 lfs113 kernel: [    0.809094] ehci-pci 0000:00:0b.0: USB 2.0 started, EHCI 1.00
Feb 12 09:19:45 lfs113 kernel: [    0.809584] usb usb1: New USB device found, idVendor=1d6b, idProduct=0002, bcdDevice= 6.01
Feb 12 09:19:45 lfs113 kernel: [    0.809853] usb usb1: New USB device strings: Mfr=3, Product=2, SerialNumber=1
Feb 12 09:19:45 lfs113 kernel: [    0.810067] usb usb1: Product: EHCI Host Controller
Feb 12 09:19:45 lfs113 kernel: [    0.810208] usb usb1: Manufacturer: Linux 6.1.11 ehci_hcd
Feb 12 09:19:45 lfs113 kernel: [    0.810362] usb usb1: SerialNumber: 0000:00:0b.0
Feb 12 09:19:45 lfs113 kernel: [    0.810739] hub 1-0:1.0: USB hub found
Feb 12 09:19:45 lfs113 kernel: [    0.810866] hub 1-0:1.0: 12 ports detected
Feb 12 09:19:45 lfs113 kernel: [    0.811508] ohci-pci 0000:00:06.0: OHCI PCI host controller
Feb 12 09:19:45 lfs113 kernel: [    0.811787] ohci-pci 0000:00:06.0: new USB bus registered, assigned bus number 2
Feb 12 09:19:45 lfs113 kernel: [    0.812063] ohci-pci 0000:00:06.0: irq 22, io mem 0xf0804000
Feb 12 09:19:45 lfs113 kernel: [    0.887805] usb usb2: New USB device found, idVendor=1d6b, idProduct=0001, bcdDevice= 6.01
Feb 12 09:19:45 lfs113 kernel: [    0.888061] usb usb2: New USB device strings: Mfr=3, Product=2, SerialNumber=1
Feb 12 09:19:45 lfs113 kernel: [    0.888283] usb usb2: Product: OHCI PCI host controller
Feb 12 09:19:45 lfs113 kernel: [    0.888440] usb usb2: Manufacturer: Linux 6.1.11 ohci_hcd
Feb 12 09:19:45 lfs113 kernel: [    0.888597] usb usb2: SerialNumber: 0000:00:06.0
Feb 12 09:19:45 lfs113 kernel: [    0.889055] hub 2-0:1.0: USB hub found
Feb 12 09:19:45 lfs113 kernel: [    0.889192] hub 2-0:1.0: 12 ports detected
Feb 12 09:19:45 lfs113 kernel: [    0.889631] usbcore: registered new interface driver usblp
Feb 12 09:19:45 lfs113 kernel: [    0.889803] usbcore: registered new interface driver usb-storage
Feb 12 09:19:45 lfs113 kernel: [    0.889995] i8042: PNP: PS/2 Controller [PNP0303:PS2K,PNP0f03:PS2M] at 0x60,0x64 irq 1,12
Feb 12 09:19:45 lfs113 kernel: [    0.890757] serio: i8042 KBD port at 0x60,0x64 irq 1
Feb 12 09:19:45 lfs113 kernel: [    0.890984] serio: i8042 AUX port at 0x60,0x64 irq 12
Feb 12 09:19:45 lfs113 kernel: [    0.892068] input: AT Translated Set 2 keyboard as /devices/platform/i8042/serio0/input/input3
Feb 12 09:19:45 lfs113 kernel: [    0.892674] rtc_cmos rtc_cmos: registered as rtc0
Feb 12 09:19:45 lfs113 kernel: [    0.892899] rtc_cmos rtc_cmos: alarms up to one day, 114 bytes nvram
Feb 12 09:19:45 lfs113 kernel: [    0.893107] fail to initialize ptp_kvm
Feb 12 09:19:45 lfs113 kernel: [    0.893380] device-mapper: ioctl: 4.47.0-ioctl (2022-07-28) initialised: dm-devel@redhat.com
Feb 12 09:19:45 lfs113 kernel: [    0.894536] hid: raw HID events driver (C) Jiri Kosina
Feb 12 09:19:45 lfs113 kernel: [    0.895066] usbcore: registered new interface driver usbhid
Feb 12 09:19:45 lfs113 kernel: [    0.895425] usbhid: USB HID core driver
Feb 12 09:19:45 lfs113 kernel: [    0.897197] Initializing XFRM netlink socket
Feb 12 09:19:45 lfs113 kernel: [    0.897710] NET: Registered PF_INET6 protocol family
Feb 12 09:19:45 lfs113 kernel: [    0.898529] Segment Routing with IPv6
Feb 12 09:19:45 lfs113 kernel: [    0.898827] In-situ OAM (IOAM) with IPv6
Feb 12 09:19:45 lfs113 kernel: [    0.899155] sit: IPv6, IPv4 and MPLS over IPv4 tunneling driver
Feb 12 09:19:45 lfs113 kernel: [    0.899384] NET: Registered PF_PACKET protocol family
Feb 12 09:19:45 lfs113 kernel: [    0.899384] 9pnet: Installing 9P2000 support
Feb 12 09:19:45 lfs113 kernel: [    0.899384] Key type dns_resolver registered
Feb 12 09:19:45 lfs113 kernel: [    0.905450] ata3.00: ATAPI: VBOX CD-ROM, 1.0, max UDMA/133
Feb 12 09:19:45 lfs113 kernel: [    0.905726] IPI shorthand broadcast: enabled
Feb 12 09:19:45 lfs113 kernel: [    0.906288] sched_clock: Marking stable (880429060, 25237919)->(1056690651, -151023672)
Feb 12 09:19:45 lfs113 kernel: [    0.907032] registered taskstats version 1
Feb 12 09:19:45 lfs113 kernel: [    0.907328] Loading compiled-in X.509 certificates
Feb 12 09:19:45 lfs113 kernel: [    0.908285] cryptomgr_test (86) used greatest stack depth: 15520 bytes left
Feb 12 09:19:45 lfs113 kernel: [    0.910792] PM:   Magic number: 12:780:316
Feb 12 09:19:45 lfs113 kernel: [    0.911119] tty tty41: hash matches
Feb 12 09:19:45 lfs113 kernel: [    0.911426] printk: console [netcon0] enabled
Feb 12 09:19:45 lfs113 kernel: [    0.911785] netconsole: network logging started
Feb 12 09:19:45 lfs113 kernel: [    0.912365] cfg80211: Loading compiled-in X.509 certificates for regulatory database
Feb 12 09:19:45 lfs113 kernel: [    0.913075] kworker/u16:4 (109) used greatest stack depth: 14712 bytes left
Feb 12 09:19:45 lfs113 kernel: [    0.913770] cfg80211: Loaded X.509 cert 'sforshee: 00b28ddf47aef9cea7'
Feb 12 09:19:45 lfs113 kernel: [    0.914194] platform regulatory.0: Direct firmware load for regulatory.db failed with error -2
Feb 12 09:19:45 lfs113 kernel: [    0.914768] cfg80211: failed to load regulatory.db
Feb 12 09:19:45 lfs113 kernel: [    0.915109] ALSA device list:
Feb 12 09:19:45 lfs113 kernel: [    0.915370]   No soundcards found.
Feb 12 09:19:45 lfs113 kernel: [    0.993874] ata1: SATA link up 3.0 Gbps (SStatus 123 SControl 300)
Feb 12 09:19:45 lfs113 kernel: [    0.994737] ata1.00: ATA-6: VBOX HARDDISK, 1.0, max UDMA/133
Feb 12 09:19:45 lfs113 kernel: [    0.995247] ata1.00: 50331648 sectors, multi 128: LBA48 NCQ (depth 32)
Feb 12 09:19:45 lfs113 kernel: [    0.996125] ata1.00: configured for UDMA/133
Feb 12 09:19:45 lfs113 kernel: [    0.996811] scsi 0:0:0:0: Direct-Access     ATA      VBOX HARDDISK    1.0  PQ: 0 ANSI: 5
Feb 12 09:19:45 lfs113 kernel: [    0.998518] sd 0:0:0:0: Attached scsi generic sg0 type 0
Feb 12 09:19:45 lfs113 kernel: [    0.998582] sd 0:0:0:0: [sda] 50331648 512-byte logical blocks: (25.8 GB/24.0 GiB)
Feb 12 09:19:45 lfs113 kernel: [    0.999784] sd 0:0:0:0: [sda] Write Protect is off
Feb 12 09:19:45 lfs113 kernel: [    0.999975] sd 0:0:0:0: [sda] Mode Sense: 00 3a 00 00
Feb 12 09:19:45 lfs113 kernel: [    0.999988] sd 0:0:0:0: [sda] Write cache: enabled, read cache: enabled, doesn't support DPO or FUA
Feb 12 09:19:45 lfs113 kernel: [    1.000333] sd 0:0:0:0: [sda] Preferred minimum I/O size 512 bytes
Feb 12 09:19:45 lfs113 kernel: [    1.000675] scsi 2:0:0:0: CD-ROM            VBOX     CD-ROM           1.0  PQ: 0 ANSI: 5
Feb 12 09:19:45 lfs113 kernel: [    1.010113]  sda: sda1 sda2 sda3
Feb 12 09:19:45 lfs113 kernel: [    1.010734] sd 0:0:0:0: [sda] Attached SCSI disk
Feb 12 09:19:45 lfs113 kernel: [    1.022386] sr 2:0:0:0: [sr0] scsi3-mmc drive: 32x/32x xa/form2 tray
Feb 12 09:19:45 lfs113 kernel: [    1.022879] cdrom: Uniform CD-ROM driver Revision: 3.20
Feb 12 09:19:45 lfs113 kernel: [    1.049601] sr 2:0:0:0: Attached scsi CD-ROM sr0
Feb 12 09:19:45 lfs113 kernel: [    1.049725] sr 2:0:0:0: Attached scsi generic sg1 type 5
Feb 12 09:19:45 lfs113 kernel: [    1.231161] input: ImExPS/2 Generic Explorer Mouse as /devices/platform/i8042/serio1/input/input5
Feb 12 09:19:45 lfs113 kernel: [    1.231771] md: Waiting for all devices to be available before autodetect
Feb 12 09:19:45 lfs113 kernel: [    1.232011] md: If you don't use raid, use raid=noautodetect
Feb 12 09:19:45 lfs113 kernel: [    1.232184] md: Autodetecting RAID arrays.
Feb 12 09:19:45 lfs113 kernel: [    1.232344] md: autorun ...
Feb 12 09:19:45 lfs113 kernel: [    1.232474] md: ... autorun DONE.
Feb 12 09:19:45 lfs113 kernel: [    1.235045] EXT4-fs (sda3): INFO: recovery required on readonly filesystem
Feb 12 09:19:45 lfs113 kernel: [    1.235301] EXT4-fs (sda3): write access will be enabled during recovery
Feb 12 09:19:45 lfs113 kernel: [    1.241729] EXT4-fs (sda3): recovery complete
Feb 12 09:19:45 lfs113 kernel: [    1.243097] EXT4-fs (sda3): mounted filesystem with ordered data mode. Quota mode: none.
Feb 12 09:19:45 lfs113 kernel: [    1.243507] VFS: Mounted root (ext4 filesystem) readonly on device 8:3.
Feb 12 09:19:45 lfs113 kernel: [    1.244120] devtmpfs: mounted
Feb 12 09:19:45 lfs113 kernel: [    1.244590] Freeing unused kernel image (initmem) memory: 1524K
Feb 12 09:19:45 lfs113 kernel: [    1.285122] Write protecting the kernel read-only data: 24576k
Feb 12 09:19:45 lfs113 kernel: [    1.286415] Freeing unused kernel image (text/rodata gap) memory: 2032K
Feb 12 09:19:45 lfs113 kernel: [    1.287307] Freeing unused kernel image (rodata/data gap) memory: 1380K
Feb 12 09:19:45 lfs113 kernel: [    1.367734] x86/mm: Checked W+X mappings: passed, no W+X pages found.
Feb 12 09:19:45 lfs113 kernel: [    1.368165] Run /sbin/init as init process
Feb 12 09:19:45 lfs113 kernel: [    1.368490]   with arguments:
Feb 12 09:19:45 lfs113 kernel: [    1.368491]     /sbin/init
Feb 12 09:19:45 lfs113 kernel: [    1.368493]   with environment:
Feb 12 09:19:45 lfs113 kernel: [    1.368494]     HOME=/
Feb 12 09:19:45 lfs113 kernel: [    1.368495]     TERM=linux
Feb 12 09:19:45 lfs113 kernel: [    1.368496]     BOOT_IMAGE=/vmlinuz-6.1.11-lfs-11.3
Feb 12 09:19:45 lfs113 kernel: [    1.395454] stty (124) used greatest stack depth: 13512 bytes left
Feb 12 09:19:45 lfs113 kernel: [    1.401883] dmesg (125) used greatest stack depth: 12848 bytes left
Feb 12 09:19:45 lfs113 kernel: [    1.422428] usb 2-1: new full-speed USB device number 2 using ohci-pci
Feb 12 09:19:45 lfs113 kernel: <30>[    1.500346] udevd[209]: starting version 3.2.11
Feb 12 09:19:45 lfs113 kernel: <30>[    1.510747] udevd[210]: starting eudev-3.2.11
Feb 12 09:19:45 lfs113 kernel: [    1.535925] e1000 0000:00:03.0 enp0s3: renamed from eth0
Feb 12 09:19:45 lfs113 kernel: [    2.039831] usb 2-1: New USB device found, idVendor=80ee, idProduct=0021, bcdDevice= 1.00
Feb 12 09:19:45 lfs113 kernel: [    2.040385] usb 2-1: New USB device strings: Mfr=1, Product=3, SerialNumber=0
Feb 12 09:19:45 lfs113 kernel: [    2.040794] usb 2-1: Product: USB Tablet
Feb 12 09:19:45 lfs113 kernel: [    2.041139] usb 2-1: Manufacturer: VirtualBox
Feb 12 09:19:45 lfs113 kernel: [    2.051530] input: VirtualBox USB Tablet as /devices/pci0000:00/0000:00:06.0/usb2/2-1/2-1:1.0/0003:80EE:0021.0001/input/input6
Feb 12 09:19:45 lfs113 kernel: [    2.052437] hid-generic 0003:80EE:0021.0001: input,hidraw0: USB HID v1.10 Mouse [VirtualBox USB Tablet] on usb-0000:00:06.0-1/input0
Feb 12 09:19:45 lfs113 kernel: [    8.910482] Adding 1048572k swap on /dev/sda2.  Priority:1 extents:1 across:1048572k 
Feb 12 09:19:45 lfs113 kernel: [    8.925319] EXT4-fs (sda3): re-mounted. Quota mode: none.
Feb 12 09:19:45 lfs113 kernel: [    8.967128] EXT4-fs (sda3): re-mounted. Quota mode: none.
Feb 12 09:19:45 lfs113 kernel: [   25.835695] e1000: enp0s3 NIC Link is Up 1000 Mbps Full Duplex, Flow Control: RX
Feb 12 09:19:45 lfs113 kernel: [   25.836895] IPv6: ADDRCONF(NETDEV_CHANGE): enp0s3: link becomes ready
Feb 12 09:22:51 lfs113 kernel: Kernel logging (proc) stopped.
Feb 12 09:22:51 lfs113 kernel: Kernel log daemon terminating.
Feb 12 10:38:01 lfs113 kernel: klogd 1.5.1, log source = /proc/kmsg started.
Feb 12 10:38:01 lfs113 kernel: Cannot find map file.
Feb 12 10:38:01 lfs113 kernel: Loaded 105805 symbols from 1 module.
Feb 12 10:38:01 lfs113 kernel: [    0.000000] Linux version 6.1.11 (root@livecd) (gcc (GCC) 12.2.0, GNU ld (GNU Binutils) 2.40) #1 SMP PREEMPT_DYNAMIC Fri Feb  9 14:23:20 +03 2024
Feb 12 10:38:01 lfs113 kernel: [    0.000000] Command line: BOOT_IMAGE=/vmlinuz-6.1.11-lfs-11.3 root=/dev/sda3 ro
Feb 12 10:38:01 lfs113 kernel: [    0.000000] [Firmware Bug]: TSC doesn't count with P0 frequency!
Feb 12 10:38:01 lfs113 kernel: [    0.000000] x86/fpu: Supporting XSAVE feature 0x001: 'x87 floating point registers'
Feb 12 10:38:01 lfs113 kernel: [    0.000000] x86/fpu: Supporting XSAVE feature 0x002: 'SSE registers'
Feb 12 10:38:01 lfs113 kernel: [    0.000000] x86/fpu: Supporting XSAVE feature 0x004: 'AVX registers'
Feb 12 10:38:01 lfs113 kernel: [    0.000000] x86/fpu: xstate_offset[2]:  576, xstate_sizes[2]:  256
Feb 12 10:38:01 lfs113 kernel: [    0.000000] x86/fpu: Enabled xstate features 0x7, context size is 832 bytes, using 'standard' format.
Feb 12 10:38:01 lfs113 kernel: [    0.000000] signal: max sigframe size: 1776
Feb 12 10:38:01 lfs113 kernel: [    0.000000] BIOS-provided physical RAM map:
Feb 12 10:38:01 lfs113 kernel: [    0.000000] BIOS-e820: [mem 0x0000000000000000-0x000000000009fbff] usable
Feb 12 10:38:01 lfs113 kernel: [    0.000000] BIOS-e820: [mem 0x000000000009fc00-0x000000000009ffff] reserved
Feb 12 10:38:01 lfs113 kernel: [    0.000000] BIOS-e820: [mem 0x00000000000f0000-0x00000000000fffff] reserved
Feb 12 10:38:01 lfs113 kernel: [    0.000000] BIOS-e820: [mem 0x0000000000100000-0x00000000dffeffff] usable
Feb 12 10:38:01 lfs113 kernel: [    0.000000] BIOS-e820: [mem 0x00000000dfff0000-0x00000000dfffffff] ACPI data
Feb 12 10:38:01 lfs113 kernel: [    0.000000] BIOS-e820: [mem 0x00000000fec00000-0x00000000fec00fff] reserved
Feb 12 10:38:01 lfs113 kernel: [    0.000000] BIOS-e820: [mem 0x00000000fee00000-0x00000000fee00fff] reserved
Feb 12 10:38:01 lfs113 kernel: [    0.000000] BIOS-e820: [mem 0x00000000fffc0000-0x00000000ffffffff] reserved
Feb 12 10:38:01 lfs113 kernel: [    0.000000] BIOS-e820: [mem 0x0000000100000000-0x000000021fffffff] usable
Feb 12 10:38:01 lfs113 kernel: [    0.000000] NX (Execute Disable) protection: active
Feb 12 10:38:01 lfs113 kernel: [    0.000000] SMBIOS 2.5 present.
Feb 12 10:38:01 lfs113 kernel: [    0.000000] DMI: innotek GmbH VirtualBox/VirtualBox, BIOS VirtualBox 12/01/2006
Feb 12 10:38:01 lfs113 kernel: [    0.000000] Hypervisor detected: KVM
Feb 12 10:38:01 lfs113 kernel: [    0.000000] kvm-clock: Using msrs 4b564d01 and 4b564d00
Feb 12 10:38:01 lfs113 kernel: [    0.000001] kvm-clock: using sched offset of 3952286551 cycles
Feb 12 10:38:01 lfs113 kernel: [    0.000002] clocksource: kvm-clock: mask: 0xffffffffffffffff max_cycles: 0x1cd42e4dffb, max_idle_ns: 881590591483 ns
Feb 12 10:38:01 lfs113 kernel: [    0.000004] tsc: Detected 2894.554 MHz processor
Feb 12 10:38:01 lfs113 kernel: [    0.000844] e820: update [mem 0x00000000-0x00000fff] usable ==> reserved
Feb 12 10:38:01 lfs113 kernel: [    0.000846] e820: remove [mem 0x000a0000-0x000fffff] usable
Feb 12 10:38:01 lfs113 kernel: [    0.000850] last_pfn = 0x220000 max_arch_pfn = 0x400000000
Feb 12 10:38:01 lfs113 kernel: [    0.000858] Disabled
Feb 12 10:38:01 lfs113 kernel: [    0.000859] x86/PAT: MTRRs disabled, skipping PAT initialization too.
Feb 12 10:38:01 lfs113 kernel: [    0.000860] CPU MTRRs all blank - virtualized system.
Feb 12 10:38:01 lfs113 kernel: [    0.000862] x86/PAT: Configuration [0-7]: WB  WT  UC- UC  WB  WT  UC- UC  
Feb 12 10:38:01 lfs113 kernel: [    0.000866] last_pfn = 0xdfff0 max_arch_pfn = 0x400000000
Feb 12 10:38:01 lfs113 kernel: [    0.000891] found SMP MP-table at [mem 0x0009fff0-0x0009ffff]
Feb 12 10:38:01 lfs113 kernel: [    0.001234] ACPI: Early table checksum verification disabled
Feb 12 10:38:01 lfs113 kernel: [    0.001236] ACPI: RSDP 0x00000000000E0000 000024 (v02 VBOX  )
Feb 12 10:38:01 lfs113 kernel: [    0.001239] ACPI: XSDT 0x00000000DFFF0030 00003C (v01 VBOX   VBOXXSDT 00000001 ASL  00000061)
Feb 12 10:38:01 lfs113 kernel: [    0.001248] ACPI: FACP 0x00000000DFFF00F0 0000F4 (v04 VBOX   VBOXFACP 00000001 ASL  00000061)
Feb 12 10:38:01 lfs113 kernel: [    0.001252] ACPI: DSDT 0x00000000DFFF0640 002353 (v02 VBOX   VBOXBIOS 00000002 INTL 20200925)
Feb 12 10:38:01 lfs113 kernel: [    0.001254] ACPI: FACS 0x00000000DFFF0200 000040
Feb 12 10:38:01 lfs113 kernel: [    0.001255] ACPI: FACS 0x00000000DFFF0200 000040
Feb 12 10:38:01 lfs113 kernel: [    0.001256] ACPI: APIC 0x00000000DFFF0240 00008C (v02 VBOX   VBOXAPIC 00000001 ASL  00000061)
Feb 12 10:38:01 lfs113 kernel: [    0.001258] ACPI: SSDT 0x00000000DFFF02D0 00036C (v01 VBOX   VBOXCPUT 00000002 INTL 20200925)
Feb 12 10:38:01 lfs113 kernel: [    0.001260] ACPI: Reserving FACP table memory at [mem 0xdfff00f0-0xdfff01e3]
Feb 12 10:38:01 lfs113 kernel: [    0.001260] ACPI: Reserving DSDT table memory at [mem 0xdfff0640-0xdfff2992]
Feb 12 10:38:01 lfs113 kernel: [    0.001261] ACPI: Reserving FACS table memory at [mem 0xdfff0200-0xdfff023f]
Feb 12 10:38:01 lfs113 kernel: [    0.001262] ACPI: Reserving FACS table memory at [mem 0xdfff0200-0xdfff023f]
Feb 12 10:38:01 lfs113 kernel: [    0.001262] ACPI: Reserving APIC table memory at [mem 0xdfff0240-0xdfff02cb]
Feb 12 10:38:01 lfs113 kernel: [    0.001263] ACPI: Reserving SSDT table memory at [mem 0xdfff02d0-0xdfff063b]
Feb 12 10:38:01 lfs113 kernel: [    0.001357] No NUMA configuration found
Feb 12 10:38:01 lfs113 kernel: [    0.001357] Faking a node at [mem 0x0000000000000000-0x000000021fffffff]
Feb 12 10:38:01 lfs113 kernel: [    0.001359] NODE_DATA(0) allocated [mem 0x21fff8000-0x21fffbfff]
Feb 12 10:38:01 lfs113 kernel: [    0.001377] Zone ranges:
Feb 12 10:38:01 lfs113 kernel: [    0.001377]   DMA      [mem 0x0000000000001000-0x0000000000ffffff]
Feb 12 10:38:01 lfs113 kernel: [    0.001379]   DMA32    [mem 0x0000000001000000-0x00000000ffffffff]
Feb 12 10:38:01 lfs113 kernel: [    0.001380]   Normal   [mem 0x0000000100000000-0x000000021fffffff]
Feb 12 10:38:01 lfs113 kernel: [    0.001380] Movable zone start for each node
Feb 12 10:38:01 lfs113 kernel: [    0.001381] Early memory node ranges
Feb 12 10:38:01 lfs113 kernel: [    0.001381]   node   0: [mem 0x0000000000001000-0x000000000009efff]
Feb 12 10:38:01 lfs113 kernel: [    0.001382]   node   0: [mem 0x0000000000100000-0x00000000dffeffff]
Feb 12 10:38:01 lfs113 kernel: [    0.001383]   node   0: [mem 0x0000000100000000-0x000000021fffffff]
Feb 12 10:38:01 lfs113 kernel: [    0.001384] Initmem setup node 0 [mem 0x0000000000001000-0x000000021fffffff]
Feb 12 10:38:01 lfs113 kernel: [    0.001561] On node 0, zone DMA: 1 pages in unavailable ranges
Feb 12 10:38:01 lfs113 kernel: [    0.001574] On node 0, zone DMA: 97 pages in unavailable ranges
Feb 12 10:38:01 lfs113 kernel: [    0.021322] On node 0, zone Normal: 16 pages in unavailable ranges
Feb 12 10:38:01 lfs113 kernel: [    0.021504] ACPI: PM-Timer IO Port: 0x4008
Feb 12 10:38:01 lfs113 kernel: [    0.021547] IOAPIC[0]: apic_id 8, version 32, address 0xfec00000, GSI 0-23
Feb 12 10:38:01 lfs113 kernel: [    0.021549] ACPI: INT_SRC_OVR (bus 0 bus_irq 0 global_irq 2 dfl dfl)
Feb 12 10:38:01 lfs113 kernel: [    0.021550] ACPI: INT_SRC_OVR (bus 0 bus_irq 9 global_irq 9 low level)
Feb 12 10:38:01 lfs113 kernel: [    0.021553] ACPI: Using ACPI (MADT) for SMP configuration information
Feb 12 10:38:01 lfs113 kernel: [    0.021557] smpboot: Allowing 8 CPUs, 0 hotplug CPUs
Feb 12 10:38:01 lfs113 kernel: [    0.021579] PM: hibernation: Registered nosave memory: [mem 0x00000000-0x00000fff]
Feb 12 10:38:01 lfs113 kernel: [    0.021580] PM: hibernation: Registered nosave memory: [mem 0x0009f000-0x0009ffff]
Feb 12 10:38:01 lfs113 kernel: [    0.021581] PM: hibernation: Registered nosave memory: [mem 0x000a0000-0x000effff]
Feb 12 10:38:01 lfs113 kernel: [    0.021582] PM: hibernation: Registered nosave memory: [mem 0x000f0000-0x000fffff]
Feb 12 10:38:01 lfs113 kernel: [    0.021582] PM: hibernation: Registered nosave memory: [mem 0xdfff0000-0xdfffffff]
Feb 12 10:38:01 lfs113 kernel: [    0.021583] PM: hibernation: Registered nosave memory: [mem 0xe0000000-0xfebfffff]
Feb 12 10:38:01 lfs113 kernel: [    0.021584] PM: hibernation: Registered nosave memory: [mem 0xfec00000-0xfec00fff]
Feb 12 10:38:01 lfs113 kernel: [    0.021584] PM: hibernation: Registered nosave memory: [mem 0xfec01000-0xfedfffff]
Feb 12 10:38:01 lfs113 kernel: [    0.021584] PM: hibernation: Registered nosave memory: [mem 0xfee00000-0xfee00fff]
Feb 12 10:38:01 lfs113 kernel: [    0.021585] PM: hibernation: Registered nosave memory: [mem 0xfee01000-0xfffbffff]
Feb 12 10:38:01 lfs113 kernel: [    0.021585] PM: hibernation: Registered nosave memory: [mem 0xfffc0000-0xffffffff]
Feb 12 10:38:01 lfs113 kernel: [    0.021587] [mem 0xe0000000-0xfebfffff] available for PCI devices
Feb 12 10:38:01 lfs113 kernel: [    0.021587] Booting paravirtualized kernel on KVM
Feb 12 10:38:01 lfs113 kernel: [    0.021589] clocksource: refined-jiffies: mask: 0xffffffff max_cycles: 0xffffffff, max_idle_ns: 1910969940391419 ns
Feb 12 10:38:01 lfs113 kernel: [    0.025755] setup_percpu: NR_CPUS:64 nr_cpumask_bits:8 nr_cpu_ids:8 nr_node_ids:1
Feb 12 10:38:01 lfs113 kernel: [    0.026136] percpu: Embedded 53 pages/cpu s176296 r8192 d32600 u262144
Feb 12 10:38:01 lfs113 kernel: [    0.026141] pcpu-alloc: s176296 r8192 d32600 u262144 alloc=1*2097152
Feb 12 10:38:01 lfs113 kernel: [    0.026143] pcpu-alloc: [0] 0 1 2 3 4 5 6 7 
Feb 12 10:38:01 lfs113 kernel: [    0.026167] Fallback order for Node 0: 0 
Feb 12 10:38:01 lfs113 kernel: [    0.026170] Built 1 zonelists, mobility grouping on.  Total pages: 2064112
Feb 12 10:38:01 lfs113 kernel: [    0.026171] Policy zone: Normal
Feb 12 10:38:01 lfs113 kernel: [    0.026172] Kernel command line: BOOT_IMAGE=/vmlinuz-6.1.11-lfs-11.3 root=/dev/sda3 ro
Feb 12 10:38:01 lfs113 kernel: [    0.026192] Unknown kernel command line parameters "BOOT_IMAGE=/vmlinuz-6.1.11-lfs-11.3", will be passed to user space.
Feb 12 10:38:01 lfs113 kernel: [    0.026233] random: crng init done
Feb 12 10:38:01 lfs113 kernel: [    0.027296] Dentry cache hash table entries: 1048576 (order: 11, 8388608 bytes, linear)
Feb 12 10:38:01 lfs113 kernel: [    0.027891] Inode-cache hash table entries: 524288 (order: 10, 4194304 bytes, linear)
Feb 12 10:38:01 lfs113 kernel: [    0.027937] mem auto-init: stack:all(zero), heap alloc:off, heap free:off
Feb 12 10:38:01 lfs113 kernel: [    0.027943] software IO TLB: area num 8.
Feb 12 10:38:01 lfs113 kernel: [    0.056336] Memory: 8140932K/8388152K available (16396K kernel code, 2678K rwdata, 4764K rodata, 1524K init, 924K bss, 246960K reserved, 0K cma-reserved)
Feb 12 10:38:01 lfs113 kernel: [    0.056370] SLUB: HWalign=64, Order=0-3, MinObjects=0, CPUs=8, Nodes=1
Feb 12 10:38:01 lfs113 kernel: [    0.057313] Dynamic Preempt: voluntary
Feb 12 10:38:01 lfs113 kernel: [    0.057545] rcu: Preemptible hierarchical RCU implementation.
Feb 12 10:38:01 lfs113 kernel: [    0.057546] rcu: ^IRCU event tracing is enabled.
Feb 12 10:38:01 lfs113 kernel: [    0.057546] rcu: ^IRCU restricting CPUs from NR_CPUS=64 to nr_cpu_ids=8.
Feb 12 10:38:01 lfs113 kernel: [    0.057548] ^ITrampoline variant of Tasks RCU enabled.
Feb 12 10:38:01 lfs113 kernel: [    0.057548] rcu: RCU calculated value of scheduler-enlistment delay is 100 jiffies.
Feb 12 10:38:01 lfs113 kernel: [    0.057549] rcu: Adjusting geometry for rcu_fanout_leaf=16, nr_cpu_ids=8
Feb 12 10:38:01 lfs113 kernel: [    0.058581] NR_IRQS: 4352, nr_irqs: 488, preallocated irqs: 16
Feb 12 10:38:01 lfs113 kernel: [    0.058752] rcu: srcu_init: Setting srcu_struct sizes based on contention.
Feb 12 10:38:01 lfs113 kernel: [    0.062626] Console: colour VGA+ 80x25
Feb 12 10:38:01 lfs113 kernel: [    0.081944] printk: console [tty0] enabled
